 ConEmu

 Timestamp is 591cb84d (Wed May 17 23:53:33 2017)

 Preferred load address is 10000000

 Start         Length     Name                   Class
 0001:00000000 00000010H .text$di                CODE
 0001:00000010 00020704H .text$mn                CODE
 0001:00020714 00000306H .text$x                 CODE
 0001:00020a1a 0000002fH .text$yd                CODE
 0002:00000000 0000032cH .idata$5                DATA
 0002:0000032c 00000004H .00cfg                  DATA
 0002:00000330 00000004H .CRT$XCA                DATA
 0002:00000334 00000004H .CRT$XCU                DATA
 0002:00000338 00000004H .CRT$XCZ                DATA
 0002:0000033c 00000004H .CRT$XIA                DATA
 0002:00000340 00000010H .CRT$XIC                DATA
 0002:00000350 00000004H .CRT$XIZ                DATA
 0002:00000354 00000004H .CRT$XLA                DATA
 0002:00000358 00000004H .CRT$XLZ                DATA
 0002:0000035c 00000004H .CRT$XPA                DATA
 0002:00000360 00000008H .CRT$XPX                DATA
 0002:00000368 00000004H .CRT$XPXA               DATA
 0002:0000036c 00000004H .CRT$XPZ                DATA
 0002:00000370 00000004H .CRT$XTA                DATA
 0002:00000374 0000000cH .CRT$XTZ                DATA
 0002:00000378 00000000H .gfids$x                DATA
 0002:00000378 00000000H .gfids$y                DATA
 0002:00000380 00007f60H .rdata                  DATA
 0002:000082e0 00000018H .rdata$T                DATA
 0002:000082f8 000002e8H .rdata$r                DATA
 0002:000085e0 00000058H .rdata$sxdata           DATA
 0002:00008638 000003b0H .rdata$zzzdbg           DATA
 0002:000089e8 00000004H .rtc$IAA                DATA
 0002:000089ec 00000004H .rtc$IZZ                DATA
 0002:000089f0 00000004H .rtc$TAA                DATA
 0002:000089f4 00000004H .rtc$TZZ                DATA
 0002:000089f8 000007f8H .xdata$x                DATA
 0002:000091f0 000002e0H .edata                  DATA
 0002:000094d0 00000064H .idata$2                DATA
 0002:00009534 00000014H .idata$3                DATA
 0002:00009548 0000032cH .idata$4                DATA
 0002:00009874 00000e6eH .idata$6                DATA
 0003:00000000 00000968H .data                   DATA
 0003:00000968 00000178H .data$r                 DATA
 0003:00000ae0 00009988H .bss                    DATA
 0004:00000000 00000004H .tls                    DATA
 0004:00000004 00000004H .tls$                   DATA
 0004:00000008 00000001H .tls$ZZZ                DATA
 0005:00000000 000000a0H .rsrc$01                DATA
 0005:000000a0 00000488H .rsrc$02                DATA

  Address         Publics by Value              Rva+Base       Lib:Object

 0000:00000000       __except_list              00000000     <absolute>
 0000:00000000       ___guard_fids_count        00000000     <absolute>
 0000:00000000       ___guard_longjmp_count     00000000     <absolute>
 0000:00000000       ___dynamic_value_reloc_table 00000000     <absolute>
 0000:00000000       ___guard_longjmp_table     00000000     <absolute>
 0000:00000000       ___guard_iat_table         00000000     <absolute>
 0000:00000000       ___guard_iat_count         00000000     <absolute>
 0000:00000000       ___guard_fids_table        00000000     <absolute>
 0000:00000016       ___safe_se_handler_count   00000016     <absolute>
 0000:0000002c       __tls_array                0000002c     <absolute>
 0000:00000100       ___guard_flags             00000100     <absolute>
 0000:00000000       ___ImageBase               10000000     <linker-defined>
 0001:00000010       ?StringCchCopyNW@@YGJPA_WIPB_WI@Z 10001010 f i CEStr.obj
 0001:00000080       ?Empty@CEStr@@QAEXXZ       10001080 f   CEStr.obj
 0001:000000a1       ??1CEStr@@QAE@XZ           100010a1 f   CEStr.obj
 0001:000000d9       ?GetLen@CEStr@@QBEHXZ      100010d9 f   CEStr.obj
 0001:00000107       ?GetBuffer@CEStr@@QAEPA_WH@Z 10001107 f   CEStr.obj
 0001:00000192       ?AttachInt@CEStr@@AAEPB_WAAPA_W@Z 10001192 f   CEStr.obj
 0001:000001e6       ?IsEmpty@CEStr@@QBE_NXZ    100011e6 f   CEStr.obj
 0001:000001f7       ?Set@CEStr@@QAEPB_WPB_WH@Z 100011f7 f   CEStr.obj
 0001:0000028c       ??0MWow64Disable@@QAE@XZ   1000128c f i CmdLine.obj
 0001:000002d2       ??1MWow64Disable@@QAE@XZ   100012d2 f i CmdLine.obj
 0001:00000319       ?IsFilePath@@YA_NPB_W_N@Z  10001319 f   CmdLine.obj
 0001:0000044d       ?PointToName@@YAPB_WPB_W@Z 1000144d f   CmdLine.obj
 0001:0000048a       ?PointToExt@@YAPB_WPB_W@Z  1000148a f   CmdLine.obj
 0001:0000049f       ?SetCommand@CESERVER_REQ_NEWCMD@@QAEXPB_W@Z 1000149f f   Common.obj
 0001:000004f5       ?SetEnvStrings@CESERVER_REQ_NEWCMD@@QAEXPB_WK@Z 100014f5 f   Common.obj
 0001:000005ca       ?IsEnvBlockVariableValid@@YA_NPB_WAAPB_W@Z 100015ca f   Common.obj
 0001:00000614       ?StringCchCopyW@@YGJPA_WIPB_W@Z 10001614 f i ConEmuCheck.obj
 0001:00000678       ?ModuleName@@YAPB_WPB_W@Z  10001678 f   ConEmuCheck.obj
 0001:00000703       ?ExecuteOpenPipe@@YAPAXPB_WAAY0CAI@_W0KKHPAXH@Z 10001703 f   ConEmuCheck.obj
 0001:00000818       ?ExecutePrepareCmd@@YAXPAUCESERVER_REQ@@KI@Z 10001818 f   ConEmuCheck.obj
 0001:00000848       ?ExecutePrepareCmd@@YAXPAUCESERVER_REQ_HDR@@KI@Z 10001848 f   ConEmuCheck.obj
 0001:000008ac       ?ExecuteNewCmd@@YAPAUCESERVER_REQ@@KI@Z 100018ac f   ConEmuCheck.obj
 0001:000008f6       ?ExecuteNewCmd@@YA_NAAPAUCESERVER_REQ@@AAKKI@Z 100018f6 f   ConEmuCheck.obj
 0001:00000959       ?LoadSrvMapping@@YAHPAUHWND__@@AAUCESERVER_CONSOLE_MAPPING_HDR@@@Z 10001959 f   ConEmuCheck.obj
 0001:00000a1b       ?ExecuteGuiCmd@@YAPAUCESERVER_REQ@@PAUHWND__@@PAU1@0H@Z 10001a1b f   ConEmuCheck.obj
 0001:00000a94       ?ExecuteSrvCmd@@YAPAUCESERVER_REQ@@KPAU1@PAUHWND__@@HKH@Z 10001a94 f   ConEmuCheck.obj
 0001:00000b09       ?ExecuteCmd@@YAPAUCESERVER_REQ@@PB_WPAU1@KPAUHWND__@@HKH@Z 10001b09 f   ConEmuCheck.obj
 0001:00000cb9       ?ExecuteFreeResult@@YAXAAPAUCESERVER_REQ@@@Z 10001cb9 f   ConEmuCheck.obj
 0001:00000ccc       ?isConsoleClass@@YA_NPB_W@Z 10001ccc f   ConEmuCheck.obj
 0001:00000d01       ?isConsoleWindow@@YA_NPAUHWND__@@@Z 10001d01 f   ConEmuCheck.obj
 0001:00000dc1       ?myGetConsoleWindow@@YAPAUHWND__@@XZ 10001dc1 f   ConEmuCheck.obj
 0001:00000e29       ?GetConEmuHWND@@YAPAUHWND__@@H@Z 10001e29 f   ConEmuCheck.obj
 0001:00000f3f       ??1?$MFileMapping@UCESERVER_CONSOLE_MAPPING_HDR@@@@QAE@XZ 10001f3f f i ConEmuCheck.obj
 0001:00000f3f       ??1?$MFileMapping@UConEmuGuiMapping@@@@QAE@XZ 10001f3f f i ConEmuCheck.obj
 0001:00000f3f       ??1?$MFileMapping@UPanelViewSetMapping@@@@QAE@XZ 10001f3f f i PluginBackground.obj
 0001:00000f49       ?CloseMap@?$MFileMapping@UPanelViewSetMapping@@@@QAEXXZ 10001f49 f i PluginBackground.obj
 0001:00000f49       ?CloseMap@?$MFileMapping@UConEmuGuiMapping@@@@QAEXXZ 10001f49 f i ConEmuCheck.obj
 0001:00000f49       ?CloseMap@?$MFileMapping@UCESERVER_CONSOLE_MAPPING_HDR@@@@QAEXXZ 10001f49 f i ConEmuCheck.obj
 0001:00000f83       ?InitName@?$MFileMapping@UConEmuGuiMapping@@@@QAEPB_WPB_WKK@Z 10001f83 f i ConEmuCheck.obj
 0001:00000fb5       ??0?$MFileMapping@UCESERVER_CONSOLE_MAPPING_HDR@@@@QAE@XZ 10001fb5 f i ConEmuCheck.obj
 0001:00000fd9       ?InitName@?$MFileMapping@UCESERVER_CONSOLE_MAPPING_HDR@@@@QAEPB_WPB_WKK@Z 10001fd9 f i ConEmuCheck.obj
 0001:0000100b       ?InternalOpenCreate@?$MFileMapping@UConEmuGuiMapping@@@@IAEPAUConEmuGuiMapping@@HHH@Z 1000200b f i ConEmuCheck.obj
 0001:000010d4       ?InternalOpenCreate@?$MFileMapping@UCESERVER_CONSOLE_MAPPING_HDR@@@@IAEPAUCESERVER_CONSOLE_MAPPING_HDR@@HHH@Z 100020d4 f i ConEmuCheck.obj
 0001:0000119d       ??$wcscpy_c@$0CA@@@YAHAAY0CA@_WPB_W@Z 1000219d f i ConEmuCheck.obj
 0001:000011b0       ?StringCchCatW@@YGJPA_WIPB_W@Z 100021b0 f i ConEmuCheckEx.obj
 0001:00001259       ?IsConEmuExeExist@@YAHPB_WAAY0BAF@_W@Z 10002259 f   ConEmuCheckEx.obj
 0001:000012ea       ?FindConEmuBaseDir@@YAHAAY0BAF@_W0PAUHINSTANCE__@@@Z 100022ea f   ConEmuCheckEx.obj
 0001:000017ed       ?EvaluateDefaultFontWidth@@YAHHPB_W@Z 100027ed f   EmergencyShow.obj
 0001:000018db       ?SetUserFriendlyFont@@YAXPAUHWND__@@HH@Z 100028db f   EmergencyShow.obj
 0001:00001c5b       ?CorrectConsolePos@@YAXPAUHWND__@@@Z 10002c5b f   EmergencyShow.obj
 0001:00001d3b       ?EmergencyShow@@YAXPAUHWND__@@HH@Z 10002d3b f   EmergencyShow.obj
 0001:00001e32       ?Init@HkFunc@@QAE_NPB_WPAUHINSTANCE__@@@Z 10002e32 f   HkFunc.obj
 0001:00001ea5       ?xf_set_tag@@YAXPAXPBDH_N@Z 10002ea5 f   Memory.obj
 0001:00001f0e       ?xf_malloc@@YAPAXIPBDH@Z   10002f0e f   Memory.obj
 0001:00001f63       ?xf_calloc@@YAPAXIIPBDH@Z  10002f63 f   Memory.obj
 0001:00001fb8       ?xf_realloc@@YAPAXPAXIPBDH@Z 10002fb8 f   Memory.obj
 0001:00002035       ?xf_free@@YAXPAXPBDH@Z     10003035 f   Memory.obj
 0001:00002063       ??2@YAPAXI@Z               10003063 f   Memory.obj
 0001:00002087       ??_U@YAPAXI@Z              10003087 f   Memory.obj
 0001:00002098       ??3@YAXPAX@Z               10003098 f   Memory.obj
 0001:000020a4       ?FindMonitorsWorkspace@@YGHPAUHMONITOR__@@PAUHDC__@@PAUtagRECT@@J@Z 100030a4 f   Monitors.obj
 0001:000020dd       ?GetAllMonitorsWorkspace@@YA?AUtagRECT@@XZ 100030dd f   Monitors.obj
 0001:0000212d       ??0MToolHelpProcess@@QAE@XZ 1000312d f i MProcess.obj
 0001:0000218d       ??_E?$MToolHelp@UtagPROCESSENTRY32W@@$1?Process32FirstW@@YGHPAXPAU1@@Z$1?Process32NextW@@YGH01@Z@@UAEPAXI@Z 1000318d f i * CIL library *:* CIL module *
 0001:0000218d       ??_EMToolHelpProcess@@UAEPAXI@Z 1000318d f i * CIL library *:* CIL module *
 0001:0000218d       ??_G?$MToolHelp@UtagPROCESSENTRY32W@@$1?Process32FirstW@@YGHPAXPAU1@@Z$1?Process32NextW@@YGH01@Z@@UAEPAXI@Z 1000318d f i MProcess.obj
 0001:0000218d       ??_GMToolHelpProcess@@UAEPAXI@Z 1000318d f i MProcess.obj
 0001:000021b2       ?isTerminalMode@@YA_NXZ    100031b2 f   MProcess.obj
 0001:000022a5       ?push_back@?$MArray@UtagPROCESSENTRY32W@@@@QAEHABUtagPROCESSENTRY32W@@@Z 100032a5 f i MProcess.obj
 0001:000022f8       ?Find@?$MToolHelp@UtagPROCESSENTRY32W@@$1?Process32FirstW@@YGHPAXPAU1@@Z$1?Process32NextW@@YGH01@Z@@QAE_NP6A_NPAUtagPROCESSENTRY32W@@J@ZJ0@Z 100032f8 f i MProcess.obj
 0001:000023b7       ??1?$MToolHelp@UtagPROCESSENTRY32W@@$1?Process32FirstW@@YGHPAXPAU1@@Z$1?Process32NextW@@YGH01@Z@@UAE@XZ 100033b7 f i MProcess.obj
 0001:000023ee       ?Filter@?$MToolHelp@UtagPROCESSENTRY32W@@$1?Process32FirstW@@YGHPAXPAU1@@Z$1?Process32NextW@@YGH01@Z@@MAE_NPAUtagPROCESSENTRY32W@@@Z 100033ee f i MProcess.obj
 0001:000023f3       ?addsize@?$MArray@UtagPROCESSENTRY32W@@@@QAEXH@Z 100033f3 f i MProcess.obj
 0001:00002479       ?Close@?$MToolHelp@UtagPROCESSENTRY32W@@$1?Process32FirstW@@YGHPAXPAU1@@Z$1?Process32NextW@@YGH01@Z@@QAEX_N@Z 10003479 f i MProcess.obj
 0001:000024c7       ?getNext@?$MToolHelp@UtagPROCESSENTRY32W@@$1?Process32FirstW@@YGHPAXPAU1@@Z$1?Process32NextW@@YGH01@Z@@IAE_NXZ 100034c7 f i MProcess.obj
 0001:00002566       ??0MSection@@QAE@XZ        10003566 f   MSection.obj
 0001:000025d5       ?AddRef@MSection@@IAEXK@Z  100035d5 f   MSection.obj
 0001:00002641       ?ReleaseRef@MSection@@IAEHK@Z 10003641 f   MSection.obj
 0001:000026af       ?WaitUnlocked@MSection@@IAEXKK@Z 100036af f   MSection.obj
 0001:0000270c       ?MyEnterCriticalSection@MSection@@IAE_NK@Z 1000370c f   MSection.obj
 0001:00002859       ?Lock@MSection@@IAEHHK@Z   10003859 f   MSection.obj
 0001:0000291f       ??1MSectionThread@@QAE@XZ  1000391f f   MSection.obj
 0001:00002949       ??1MSectionLock@@QAE@XZ    10003949 f   MSection.obj
 0001:00002962       ?Lock@MSectionLock@@QAEHPAVMSection@@HK@Z 10003962 f   MSection.obj
 0001:000029ad       ?Unlock@MSectionLock@@QAEXXZ 100039ad f   MSection.obj
 0001:000029fa       ?Init@MSectionSimple@@QAEXXZ 100039fa f   MSectionSimple.obj
 0001:00002a10       ?Close@MSectionSimple@@QAEXXZ 10003a10 f   MSectionSimple.obj
 0001:00002a26       ?TryEnter@MSectionSimple@@QAE_NXZ 10003a26 f   MSectionSimple.obj
 0001:00002a45       ?LoadAdvApi@MNullDesc@@IAEHXZ 10003a45 f i MSecurity.obj
 0001:00002b9a       ?LocalSecurity@MNullDesc@@QAEPAU_SECURITY_ATTRIBUTES@@XZ 10003b9a f i MSecurity.obj
 0001:00002cbf       ?LocalSecurity@@YAPAU_SECURITY_ATTRIBUTES@@XZ 10003cbf f   MSecurity.obj
 0001:00002d0f       ??_GMNullDesc@@QAEPAXI@Z   10003d0f f i MSecurity.obj
 0001:00002d55       ??1MSetter@@QAE@XZ         10003d55 f   MSetter.obj
 0001:00002d98       ?lstrdup@@YAPA_WPB_WI@Z    10003d98 f   MStrDup.obj
 0001:00002ddf       ?lstrmerge@@YAPA_WPB_W00000000@Z 10003ddf f   MStrDup.obj
 0001:00002eaa       ?msprintf@@YAPB_WPA_WIPB_WZZ 10003eaa f   MStrSafe.obj
 0001:000032dd       ?lstrcmpni@@YAHPB_W0H@Z    100042dd f   MStrSafe.obj
 0001:00003336       ?SetConEmuEnvHWND@@YAXPB_WPAUHWND__@@@Z 10004336 f   SetEnvVar.obj
 0001:0000337f       ?SetConEmuEnvVar@@YAXPAUHWND__@@@Z 1000437f f   SetEnvVar.obj
 0001:000033d1       ?SetConEmuEnvVarChild@@YAXPAUHWND__@@0@Z 100043d1 f   SetEnvVar.obj
 0001:000033ed       ??1CEnvStrings@@QAE@XZ     100043ed f   SetEnvVar.obj
 0001:00003402       ?SetConsoleInfo@@YAHPAUHWND__@@PAU_CONSOLE_INFO@@@Z 10004402 f   WConsole.obj
 0001:000035d4       ?GetConsoleSizeInfo@@YAXPAU_CONSOLE_INFO@@@Z 100045d4 f   WConsole.obj
 0001:00003645       ?apiGetCurrentConsoleFontEx@@YAHPAXHPAUMY_CONSOLE_FONT_INFOEX@@@Z 10004645 f   WConsole.obj
 0001:00003695       ?apiSetCurrentConsoleFontEx@@YAHPAXHPAUMY_CONSOLE_FONT_INFOEX@@@Z 10004695 f   WConsole.obj
 0001:000036e5       ?apiGetConsoleFontSize@@YAHPAXAAH1AAY0CA@_W@Z 100046e5 f   WConsole.obj
 0001:0000376b       ?apiSetConsoleFontSize@@YAHPAXHHPB_W@Z 1000476b f   WConsole.obj
 0001:00003829       ?SetConsoleFontSizeTo@@YAXPAUHWND__@@HHPB_WGG@Z 10004829 f   WConsole.obj
 0001:00003b6d       ?IsDotsName@@YA_NPB_W@Z    10004b6d f   WFiles.obj
 0001:00003b95       ?IsModuleValid@@YA_NPAUHINSTANCE__@@H@Z 10004b95 f   WModuleCheck.obj
 0001:00003bfe       ?CheckCallbackPtr@@YA_NPAUHINSTANCE__@@IPAP6GHXZHHH@Z 10004bfe f   WModuleCheck.obj
 0001:00003c5a       ?FileExists@@YA_NPB_WPAK@Z 10004c5a f   WObjects.obj
 0001:00003d4e       ?IsWinVerOrHigher@@YA_NG@Z 10004d4e f   WObjects.obj
 0001:00003dc9       ?IsWin6@@YA_NXZ            10004dc9 f   WObjects.obj
 0001:00003df3       ?IsWindows64@@YA_NXZ       10004df3 f   WObjects.obj
 0001:00003e65       ?ExpandEnvStr@@YAPA_WPB_W@Z 10004e65 f   WObjects.obj
 0001:00003ee2       ?GetEnvVar@@YAPA_WPB_W@Z   10004ee2 f   WObjects.obj
 0001:00003f6a       ?apiThreadHelper@@YGKPAX@Z 10004f6a f   WThreads.obj
 0001:000040f6       ?apiCreateThread@@YAPAXP6GKPAX@Z0PAKPBDH@Z 100050f6 f   WThreads.obj
 0001:000041eb       ?apiTerminateThreadEx@@YAHPAXKPBDH@Z 100051eb f   WThreads.obj
 0001:0000429e       ?SetThreadName@@YAXKPAD@Z  1000529e f   WThreads.obj
 0001:000042e7       ?UpdateComspec@@YAXPAUConEmuComspec@@_N@Z 100052e7 f   WUser.obj
 0001:000044f2       ?SetEnvVarExpanded@@YAXPB_W0@Z 100054f2 f   WUser.obj
 0001:00004591       ??$wcscpy_c@$0BAE@@@YAHAAY0BAE@_WPB_W@Z 10005591 f i WUser.obj
 0001:000045a1       ?StartupHooks@@YA_NPAUHINSTANCE__@@@Z 100055a1 f   ConEmuInjects.obj
 0001:000048e8       ?ShutdownHooks@@YAXXZ      100058e8 f   ConEmuInjects.obj
 0001:00004a1f       _DllMain@12                10005a1f f   ConEmuPlugin.obj
 0001:00004a45       ?GetPluginInfo@@YGXPAX@Z   10005a45 f   ConEmuPlugin.obj
 0001:00004a83       ?GetPluginInfoW@@YGXPAX@Z  10005a83 f   ConEmuPlugin.obj
 0001:00004a93       ?IsConsoleActive@@YGHXZ    10005a93 f   ConEmuPlugin.obj
 0001:00004ad2       ?GetFarHWND2@@YGPAUHWND__@@H@Z 10005ad2 f   ConEmuPlugin.obj
 0001:00004b47       ?GetFarHWND@@YGPAUHWND__@@XZ 10005b47 f   ConEmuPlugin.obj
 0001:00004b4f       ?IsTerminalMode@@YGHXZ     10005b4f f   ConEmuPlugin.obj
 0001:00004b55       ?GetFarVersion@@YGXPAUFarVersion@@@Z 10005b55 f   ConEmuPlugin.obj
 0001:00004b6f       ?RegisterPanelView@@YGHPAUPanelViewInit@@@Z 10005b6f f   ConEmuPlugin.obj
 0001:00004c97       ?RegisterBackground@@YGHPAURegisterBackgroundArg@@@Z 10005c97 f   ConEmuPlugin.obj
 0001:00004d03       ?SyncExecute@@YGHPAUHINSTANCE__@@P6GXJ@ZJ@Z 10005d03 f   ConEmuPlugin.obj
 0001:00004d43       ?ActivateConsole@@YGHXZ    10005d43 f   ConEmuPlugin.obj
 0001:00004db9       ?SetStartupInfo@@YGXPAX@Z  10005db9 f   ConEmuPlugin.obj
 0001:00004e09       _SetStartupInfoW@4         10005e09 f   ConEmuPlugin.obj
 0001:00004e2b       ?GetMinFarVersion@@YGHXZ   10005e2b f   ConEmuPlugin.obj
 0001:00004e55       _GetMinFarVersionW@0       10005e55 f   ConEmuPlugin.obj
 0001:00004e5b       _ProcessSynchroEventW@8    10005e5b f   ConEmuPlugin.obj
 0001:00004e7a       ?ProcessSynchroEventW3@@YGHPAX@Z 10005e7a f   ConEmuPlugin.obj
 0001:00004e8a       _ProcessEditorEventW@8     10005e8a f   ConEmuPlugin.obj
 0001:00004e8a       ?ProcessEditorEvent@@YGHHPAX@Z 10005e8a f   ConEmuPlugin.obj
 0001:00004ea2       ?ProcessEditorEventW3@@YGHPAX@Z 10005ea2 f   ConEmuPlugin.obj
 0001:00004eb2       _ProcessViewerEventW@8     10005eb2 f   ConEmuPlugin.obj
 0001:00004eb2       ?ProcessViewerEvent@@YGHHPAX@Z 10005eb2 f   ConEmuPlugin.obj
 0001:00004eca       ?ProcessViewerEventW3@@YGHPAX@Z 10005eca f   ConEmuPlugin.obj
 0001:00004eda       ?ProcessEditorInput@@YGHPBU_INPUT_RECORD@@@Z 10005eda f   ConEmuPlugin.obj
 0001:00004ef5       _ProcessEditorInputW@4     10005ef5 f   ConEmuPlugin.obj
 0001:00004f05       ?OpenPlugin@@YGPAXHH@Z     10005f05 f   ConEmuPlugin.obj
 0001:00004f20       _OpenPluginW@8             10005f20 f   ConEmuPlugin.obj
 0001:00004f4d       ?OpenW@@YGPAXPBX@Z         10005f4d f   ConEmuPlugin.obj
 0001:00004f5d       _ExitFARW@0                10005f5d f   ConEmuPlugin.obj
 0001:00004f5d       ?ExitFAR@@YGXXZ            10005f5d f   ConEmuPlugin.obj
 0001:00004f74       ?ExitFARW3@@YGXPAX@Z       10005f74 f   ConEmuPlugin.obj
 0001:000050c8       ?Color2FgIndex@Far3Color@@SAXKAAGPBK@Z 100060c8 f i ConEmuPlugin1900.obj
 0001:0000518e       ?Color2BgIndex@Far3Color@@SAXKHAAGPBK@Z 1000618e f i ConEmuPlugin1900.obj
 0001:00005266       ?FarColor_3_2@@YAEABUFarColor@@@Z 10006266 f i ConEmuPlugin1900.obj
 0001:000052f1       ??_ECPluginBase@@UAEPAXI@Z 100062f1 f i * CIL library *:* CIL module *
 0001:000052f1       ??_GCPluginW995@@UAEPAXI@Z 100062f1 f i ConEmuPlugin995.obj
 0001:000052f1       ??_ECPluginW995@@UAEPAXI@Z 100062f1 f i * CIL library *:* CIL module *
 0001:000052f1       ??_ECPluginW2800@@UAEPAXI@Z 100062f1 f i * CIL library *:* CIL module *
 0001:000052f1       ??_GCPluginW2800@@UAEPAXI@Z 100062f1 f i ConEmuPlugin2800.obj
 0001:000052f1       ??_GCPluginW1900@@UAEPAXI@Z 100062f1 f i ConEmuPlugin1900.obj
 0001:000052f1       ??_ECPluginW1900@@UAEPAXI@Z 100062f1 f i * CIL library *:* CIL module *
 0001:000052f1       ??_GCPluginBase@@UAEPAXI@Z 100062f1 f i ConEmuPluginBase.obj
 0001:00005317       ??0CPluginW1900@@QAE@XZ    10006317 f   ConEmuPlugin1900.obj
 0001:00005498       ?ProcessEditorEventPtr@CPluginW2800@@UAEHPAX@Z 10006498 f   ConEmuPlugin2800.obj
 0001:00005498       ?ProcessEditorEventPtr@CPluginW1900@@UAEHPAX@Z 10006498 f   ConEmuPlugin1900.obj
 0001:000054ac       ?ProcessViewerEventPtr@CPluginW2800@@UAEHPAX@Z 100064ac f   ConEmuPlugin2800.obj
 0001:000054ac       ?ProcessViewerEventPtr@CPluginW1900@@UAEHPAX@Z 100064ac f   ConEmuPlugin1900.obj
 0001:000054c0       ?ProcessSynchroEventPtr@CPluginW2800@@UAEHPAX@Z 100064c0 f   ConEmuPlugin2800.obj
 0001:000054c0       ?ProcessSynchroEventPtr@CPluginW1900@@UAEHPAX@Z 100064c0 f   ConEmuPlugin1900.obj
 0001:000054e4       ?GetPanelDir@CPluginW1900@@UAEPA_WKPA_WH@Z 100064e4 f   ConEmuPlugin1900.obj
 0001:00005609       ?GetPanelInfo@CPluginW1900@@UAE_NKPAUCEPanelInfo@@@Z 10006609 f   ConEmuPlugin1900.obj
 0001:00005858       ?GetPanelItemInfo@CPluginW1900@@UAE_NABUCEPanelInfo@@_NHAAU_WIN32_FIND_DATAW@@PAPA_W@Z 10006858 f   ConEmuPlugin1900.obj
 0001:000059d2       ?PanelControlApi@CPluginW1900@@UAEHPAXHH0@Z 100069d2 f   ConEmuPlugin1900.obj
 0001:000059ef       ?GetPluginInfoPtr@CPluginW1900@@UAEXPAX@Z 100069ef f   ConEmuPlugin1900.obj
 0001:00005a37       ?SetStartupInfoPtr@CPluginW1900@@UAEXPAX@Z 10006a37 f   ConEmuPlugin1900.obj
 0001:00005b4d       ?GetEditorModifiedState@CPluginW1900@@UAEKXZ 10006b4d f   ConEmuPlugin1900.obj
 0001:00005b8b       ?ProcessEditorInputPtr@CPluginW1900@@UAEHPBX@Z 10006b8b f   ConEmuPlugin1900.obj
 0001:00005bad       ?GetWindowCount@CPluginW1900@@UAEHXZ 10006bad f   ConEmuPlugin1900.obj
 0001:00005bce       ?UpdateConEmuTabsApi@CPluginW1900@@UAE_NH@Z 10006bce f   ConEmuPlugin1900.obj
 0001:00005f88       ?ExitFar@CPluginW1900@@UAEXXZ 10006f88 f   ConEmuPlugin1900.obj
 0001:00005fbf       ?ShowMessage@CPluginW1900@@UAEHPB_WH_N@Z 10006fbf f   ConEmuPlugin1900.obj
 0001:0000602b       ?GetMsg@CPluginW1900@@UAEPB_WHPA_WI@Z 1000702b f   ConEmuPlugin1900.obj
 0001:00006071       ?SetWindow@CPluginW1900@@UAEXH@Z 10007071 f   ConEmuPlugin1900.obj
 0001:000060ac       ?PostMacroApi@CPluginW1900@@UAEXPB_WPAU_INPUT_RECORD@@_N@Z 100070ac f   ConEmuPlugin1900.obj
 0001:00006591       ?ShowPluginMenu@CPluginW1900@@UAEHPAUConEmuPluginMenuItem@@HH@Z 10007591 f   ConEmuPlugin1900.obj
 0001:000066e1       ?OpenEditor@CPluginW1900@@UAE_NPB_W_N11HH@Z 100076e1 f   ConEmuPlugin1900.obj
 0001:00006782       ?ExecuteSynchroApi@CPluginW1900@@UAE_NXZ 10007782 f   ConEmuPlugin1900.obj
 0001:000067a5       @_guard_check_icall_nop@4  100077a5 f   LIBCMT:guard_support.obj
 0001:000067a5       ?StopWaitEndSynchro@CPluginW1900@@UAEXXZ 100077a5 f   ConEmuPlugin1900.obj
 0001:000067a5       ?WaitEndSynchro@CPluginW1900@@UAEXXZ 100077a5 f   ConEmuPlugin1900.obj
 0001:000067a5       ?WaitEndSynchro@CPluginAnsi@@UAEXXZ 100077a5 f   ConEmuPluginA.obj
 0001:000067a5       ?StopWaitEndSynchro@CPluginW2800@@UAEXXZ 100077a5 f   ConEmuPlugin2800.obj
 0001:000067a5       ?StopWaitEndSynchro@CPluginAnsi@@UAEXXZ 100077a5 f   ConEmuPluginA.obj
 0001:000067a5       ?WaitEndSynchro@CPluginW2800@@UAEXXZ 100077a5 f   ConEmuPlugin2800.obj
 0001:000067a6       ?IsMacroActive@CPluginW1900@@UAE_NXZ 100077a6 f   ConEmuPlugin1900.obj
 0001:000067cf       ?GetMacroArea@CPluginW1900@@UAEHXZ 100077cf f   ConEmuPlugin1900.obj
 0001:000067e3       ?RedrawAll@CPluginW1900@@UAEXXZ 100077e3 f   ConEmuPlugin1900.obj
 0001:00006804       ?InputBox@CPluginW1900@@UAE_NPB_W000AAPA_W@Z 10007804 f   ConEmuPlugin1900.obj
 0001:0000688b       ?ShowUserScreen@CPluginW1900@@UAEX_N@Z 1000788b f   ConEmuPlugin1900.obj
 0001:000068b0       ?LoadFarColors@CPluginW1900@@UAEXAAY0BAA@E@Z 100078b0 f   ConEmuPlugin1900.obj
 0001:00006a34       ?LoadFarSettings@CPluginW1900@@UAEXPAUCEFarInterfaceSettings@@PAUCEFarPanelSettings@@@Z 10007a34 f   ConEmuPlugin1900.obj
 0001:00006b5e       ?GetFarRect@CPluginW1900@@UAE_NAAU_SMALL_RECT@@@Z 10007b5e f   ConEmuPlugin1900.obj
 0001:00006b9f       ?CheckPanelExist@CPluginW1900@@UAE_NXZ 10007b9f f   ConEmuPlugin1900.obj
 0001:00006bc3       ?GetActiveWindowType@CPluginW1900@@UAEHXZ 10007bc3 f   ConEmuPlugin1900.obj
 0001:00006c3c       ?GetWindowTypeName@CPluginAnsi@@UAEPB_WH@Z 10007c3c f   ConEmuPluginA.obj
 0001:00006c3c       ?GetWindowTypeName@CPluginW2800@@UAEPB_WH@Z 10007c3c f   ConEmuPlugin2800.obj
 0001:00006c3c       ?GetWindowTypeName@CPluginW1900@@UAEPB_WH@Z 10007c3c f   ConEmuPlugin1900.obj
 0001:00006c3c       ?GetWindowTypeName@CPluginW995@@UAEPB_WH@Z 10007c3c f   ConEmuPlugin995.obj
 0001:00006ff6       ?GuiMacroDlg@CPluginW1900@@UAEXXZ 10007ff6 f   ConEmuPlugin1900.obj
 0001:00006ffb       ?Open@CPluginW1900@@UAEPAXPBX@Z 10007ffb f   ConEmuPlugin1900.obj
 0001:000070c8       _GetGlobalInfoW@4          100080c8 f   ConEmuPlugin2800.obj
 0001:00007158       ??0CPluginW2800@@QAE@XZ    10008158 f   ConEmuPlugin2800.obj
 0001:000072d9       ?GetPanelDir@CPluginW2800@@UAEPA_WKPA_WH@Z 100082d9 f   ConEmuPlugin2800.obj
 0001:000073fe       ?GetPanelInfo@CPluginW2800@@UAE_NKPAUCEPanelInfo@@@Z 100083fe f   ConEmuPlugin2800.obj
 0001:0000764d       ?GetPanelItemInfo@CPluginW2800@@UAE_NABUCEPanelInfo@@_NHAAU_WIN32_FIND_DATAW@@PAPA_W@Z 1000864d f   ConEmuPlugin2800.obj
 0001:000077d1       ?PanelControlApi@CPluginW2800@@UAEHPAXHH0@Z 100087d1 f   ConEmuPlugin2800.obj
 0001:000077ee       ?GetPluginInfoPtr@CPluginW2800@@UAEXPAX@Z 100087ee f   ConEmuPlugin2800.obj
 0001:00007836       ?SetStartupInfoPtr@CPluginW2800@@UAEXPAX@Z 10008836 f   ConEmuPlugin2800.obj
 0001:0000794c       ?GetEditorModifiedState@CPluginW2800@@UAEKXZ 1000894c f   ConEmuPlugin2800.obj
 0001:0000798a       ?ProcessEditorInputPtr@CPluginW2800@@UAEHPBX@Z 1000898a f   ConEmuPlugin2800.obj
 0001:000079ac       ?GetWindowCount@CPluginW2800@@UAEHXZ 100089ac f   ConEmuPlugin2800.obj
 0001:00007adf       ?UpdateConEmuTabsApi@CPluginW2800@@UAE_NH@Z 10008adf f   ConEmuPlugin2800.obj
 0001:00007fd4       ?ExitFar@CPluginW2800@@UAEXXZ 10008fd4 f   ConEmuPlugin2800.obj
 0001:0000800b       ?ShowMessage@CPluginW2800@@UAEHPB_WH_N@Z 1000900b f   ConEmuPlugin2800.obj
 0001:00008077       ?GetMsg@CPluginW2800@@UAEPB_WHPA_WI@Z 10009077 f   ConEmuPlugin2800.obj
 0001:000080bd       ?SetWindow@CPluginW2800@@UAEXH@Z 100090bd f   ConEmuPlugin2800.obj
 0001:0000817c       ?PostMacroApi@CPluginW2800@@UAEXPB_WPAU_INPUT_RECORD@@_N@Z 1000917c f   ConEmuPlugin2800.obj
 0001:00008453       ?ShowPluginMenu@CPluginW2800@@UAEHPAUConEmuPluginMenuItem@@HH@Z 10009453 f   ConEmuPlugin2800.obj
 0001:000085a3       ?OpenEditor@CPluginW2800@@UAE_NPB_W_N11HH@Z 100095a3 f   ConEmuPlugin2800.obj
 0001:00008644       ?ExecuteSynchroApi@CPluginW2800@@UAE_NXZ 10009644 f   ConEmuPlugin2800.obj
 0001:00008667       ?IsMacroActive@CPluginW2800@@UAE_NXZ 10009667 f   ConEmuPlugin2800.obj
 0001:00008690       ?GetMacroArea@CPluginW2800@@UAEHXZ 10009690 f   ConEmuPlugin2800.obj
 0001:000086a4       ?RedrawAll@CPluginW2800@@UAEXXZ 100096a4 f   ConEmuPlugin2800.obj
 0001:000086c5       ?InputBox@CPluginW2800@@UAE_NPB_W000AAPA_W@Z 100096c5 f   ConEmuPlugin2800.obj
 0001:0000874c       ?ShowUserScreen@CPluginW2800@@UAEX_N@Z 1000974c f   ConEmuPlugin2800.obj
 0001:00008771       ?LoadFarColors@CPluginW2800@@UAEXAAY0BAA@E@Z 10009771 f   ConEmuPlugin2800.obj
 0001:000088f8       ?LoadFarSettings@CPluginW2800@@UAEXPAUCEFarInterfaceSettings@@PAUCEFarPanelSettings@@@Z 100098f8 f   ConEmuPlugin2800.obj
 0001:00008a1c       ?GetFarRect@CPluginW2800@@UAE_NAAU_SMALL_RECT@@@Z 10009a1c f   ConEmuPlugin2800.obj
 0001:00008a5d       ?CheckPanelExist@CPluginW2800@@UAE_NXZ 10009a5d f   ConEmuPlugin2800.obj
 0001:00008a81       ?GetActiveWindowType@CPluginW2800@@UAEHXZ 10009a81 f   ConEmuPlugin2800.obj
 0001:00008e8d       ?GuiMacroDlg@CPluginW2800@@UAEXXZ 10009e8d f   ConEmuPlugin2800.obj
 0001:00008ea6       ?Open@CPluginW2800@@UAEPAXPBX@Z 10009ea6 f   ConEmuPlugin2800.obj
 0001:00008fc5       ?erase@?$MArray@UWindowInfo@@@@QAEXH@Z 10009fc5 f i ConEmuPlugin2800.obj
 0001:00009019       ?insert@?$MArray@UWindowInfo@@@@QAEXHABUWindowInfo@@@Z 1000a019 f i ConEmuPlugin2800.obj
 0001:0000907a       ?push_back@?$MArray@UWindowInfo@@@@QAEHABUWindowInfo@@@Z 1000a07a f i ConEmuPlugin2800.obj
 0001:000090ca       ??1?$MArray@UWindowInfo@@@@QAE@XZ 1000a0ca f i ConEmuPlugin2800.obj
 0001:000090e9       ?addsize@?$MArray@UWindowInfo@@@@QAEXH@Z 1000a0e9 f i ConEmuPlugin2800.obj
 0001:0000916f       ?Open@CPluginAnsi@@UAEPAXPBX@Z 1000a16f f i ConEmuPluginA.obj
 0001:0000916f       ?Open@CPluginW995@@UAEPAXPBX@Z 1000a16f f i ConEmuPlugin995.obj
 0001:00009178       ?ProcessViewerEventPtr@CPluginAnsi@@UAEHPAX@Z 1000a178 f i ConEmuPluginA.obj
 0001:00009178       ?ProcessSynchroEventPtr@CPluginW995@@UAEHPAX@Z 1000a178 f i ConEmuPlugin995.obj
 0001:00009178       ?ProcessEditorEventPtr@CPluginW995@@UAEHPAX@Z 1000a178 f i ConEmuPlugin995.obj
 0001:00009178       ?ProcessSynchroEventPtr@CPluginAnsi@@UAEHPAX@Z 1000a178 f i ConEmuPluginA.obj
 0001:00009178       ?ProcessEditorEventPtr@CPluginAnsi@@UAEHPAX@Z 1000a178 f i ConEmuPluginA.obj
 0001:00009178       ?ProcessEditorInputPtr@CPluginAnsi@@UAEHPBX@Z 1000a178 f i ConEmuPluginA.obj
 0001:00009178       ?ProcessViewerEventPtr@CPluginW995@@UAEHPAX@Z 1000a178 f i ConEmuPlugin995.obj
 0001:0000917d       ??0CPluginW995@@QAE@XZ     1000a17d f   ConEmuPlugin995.obj
 0001:000092ef       ?GetPanelDir@CPluginW995@@UAEPA_WKPA_WH@Z 1000a2ef f   ConEmuPlugin995.obj
 0001:000093c9       ?GetPanelInfo@CPluginW995@@UAE_NKPAUCEPanelInfo@@@Z 1000a3c9 f   ConEmuPlugin995.obj
 0001:000095a0       ?GetPanelItemInfo@CPluginW995@@UAE_NABUCEPanelInfo@@_NHAAU_WIN32_FIND_DATAW@@PAPA_W@Z 1000a5a0 f   ConEmuPlugin995.obj
 0001:00009705       ?PanelControlApi@CPluginW995@@UAEHPAXHH0@Z 1000a705 f   ConEmuPlugin995.obj
 0001:00009722       ?GetPluginInfoPtr@CPluginW995@@UAEXPAX@Z 1000a722 f   ConEmuPlugin995.obj
 0001:0000977a       ?SetStartupInfoPtr@CPluginW995@@UAEXPAX@Z 1000a77a f   ConEmuPlugin995.obj
 0001:0000987a       ?GetEditorModifiedState@CPluginW995@@UAEKXZ 1000a87a f   ConEmuPlugin995.obj
 0001:000098b4       ?ProcessEditorInputPtr@CPluginW995@@UAEHPBX@Z 1000a8b4 f   ConEmuPlugin995.obj
 0001:000098d3       ?GetWindowCount@CPluginW995@@UAEHXZ 1000a8d3 f   ConEmuPlugin995.obj
 0001:000098f0       ?UpdateConEmuTabsApi@CPluginW995@@UAE_NH@Z 1000a8f0 f   ConEmuPlugin995.obj
 0001:00009ae9       ?ExitFar@CPluginW995@@UAEXXZ 1000aae9 f   ConEmuPlugin995.obj
 0001:00009b25       ?ShowMessage@CPluginW995@@UAEHPB_WH_N@Z 1000ab25 f   ConEmuPlugin995.obj
 0001:00009b6e       ?GetMsg@CPluginW995@@UAEPB_WHPA_WI@Z 1000ab6e f   ConEmuPlugin995.obj
 0001:00009bb2       ?SetWindow@CPluginW995@@UAEXH@Z 1000abb2 f   ConEmuPlugin995.obj
 0001:00009be6       ?PostMacroApi@CPluginW995@@UAEXPB_WPAU_INPUT_RECORD@@_N@Z 1000abe6 f   ConEmuPlugin995.obj
 0001:00009c83       ?ShowPluginMenu@CPluginW995@@UAEHPAUConEmuPluginMenuItem@@HH@Z 1000ac83 f   ConEmuPlugin995.obj
 0001:00009d78       ?OpenEditor@CPluginW995@@UAE_NPB_W_N11HH@Z 1000ad78 f   ConEmuPlugin995.obj
 0001:00009e11       ?ExecuteSynchroApi@CPluginW995@@UAE_NXZ 1000ae11 f   ConEmuPlugin995.obj
 0001:00009e30       ?WaitEndSynchro@CPluginW995@@UAEXXZ 1000ae30 f   ConEmuPlugin995.obj
 0001:00009f44       ?StopWaitEndSynchro@CPluginW995@@UAEXXZ 1000af44 f   ConEmuPlugin995.obj
 0001:00009f5d       ?IsMacroActive@CPluginW995@@UAE_NXZ 1000af5d f   ConEmuPlugin995.obj
 0001:00009fad       ?GetMacroArea@CPluginW995@@UAEHXZ 1000afad f   ConEmuPlugin995.obj
 0001:00009fe7       ?RedrawAll@CPluginW995@@UAEXXZ 1000afe7 f   ConEmuPlugin995.obj
 0001:0000a004       ?InputBox@CPluginW995@@UAE_NPB_W000AAPA_W@Z 1000b004 f   ConEmuPlugin995.obj
 0001:0000a07f       ?ShowUserScreen@CPluginW995@@UAEX_N@Z 1000b07f f   ConEmuPlugin995.obj
 0001:0000a0a4       ?LoadFarColors@CPluginW995@@UAEXAAY0BAA@E@Z 1000b0a4 f   ConEmuPlugin995.obj
 0001:0000a15d       ?LoadFarSettings@CPluginW995@@UAEXPAUCEFarInterfaceSettings@@PAUCEFarPanelSettings@@@Z 1000b15d f   ConEmuPlugin995.obj
 0001:0000a194       ?GetFarRect@CPluginW995@@UAE_NAAU_SMALL_RECT@@@Z 1000b194 f   ConEmuPlugin995.obj
 0001:0000a1d2       ?CheckPanelExist@CPluginW995@@UAE_NXZ 1000b1d2 f   ConEmuPlugin995.obj
 0001:0000a1f6       ?GetActiveWindowType@CPluginW995@@UAEHXZ 1000b1f6 f   ConEmuPlugin995.obj
 0001:0000a5d0       ?GuiMacroDlg@CPluginW995@@UAEXXZ 1000b5d0 f   ConEmuPlugin995.obj
 0001:0000a5d5       ?ExecuteSynchroApi@CPluginAnsi@@UAE_NXZ 1000b5d5 f i ConEmuPluginA.obj
 0001:0000a5d8       ?GetFarRect@CPluginAnsi@@UAE_NAAU_SMALL_RECT@@@Z 1000b5d8 f i ConEmuPluginA.obj
 0001:0000a5dd       ??_GCPluginAnsi@@UAEPAXI@Z 1000b5dd f i ConEmuPluginA.obj
 0001:0000a5dd       ??_ECPluginAnsi@@UAEPAXI@Z 1000b5dd f i * CIL library *:* CIL module *
 0001:0000a603       ??0CPluginAnsi@@QAE@XZ     1000b603 f   ConEmuPluginA.obj
 0001:0000a746       ?GetPanelDir@CPluginAnsi@@UAEPA_WKPA_WH@Z 1000b746 f   ConEmuPluginA.obj
 0001:0000a814       ?GetPanelInfo@CPluginAnsi@@UAE_NKPAUCEPanelInfo@@@Z 1000b814 f   ConEmuPluginA.obj
 0001:0000a9d6       ?GetPanelItemInfo@CPluginAnsi@@UAE_NABUCEPanelInfo@@_NHAAU_WIN32_FIND_DATAW@@PAPA_W@Z 1000b9d6 f   ConEmuPluginA.obj
 0001:0000aad0       ?PanelControlApi@CPluginAnsi@@UAEHPAXHH0@Z 1000bad0 f   ConEmuPluginA.obj
 0001:0000aafa       ?SetStartupInfoPtr@CPluginAnsi@@UAEXPAX@Z 1000bafa f   ConEmuPluginA.obj
 0001:0000ac0d       ?GetPluginInfoPtr@CPluginAnsi@@UAEXPAX@Z 1000bc0d f   ConEmuPluginA.obj
 0001:0000ac7a       ?GetEditorModifiedState@CPluginAnsi@@UAEKXZ 1000bc7a f   ConEmuPluginA.obj
 0001:0000acb7       ?GetWindowCount@CPluginAnsi@@UAEHXZ 1000bcb7 f   ConEmuPluginA.obj
 0001:0000acda       ?UpdateConEmuTabsApi@CPluginAnsi@@UAE_NH@Z 1000bcda f   ConEmuPluginA.obj
 0001:0000af4a       ?ExitFar@CPluginAnsi@@UAEXXZ 1000bf4a f   ConEmuPluginA.obj
 0001:0000af81       ?SetWindow@CPluginAnsi@@UAEXH@Z 1000bf81 f   ConEmuPluginA.obj
 0001:0000afc1       ?PostMacroApi@CPluginAnsi@@UAEXPB_WPAU_INPUT_RECORD@@_N@Z 1000bfc1 f   ConEmuPluginA.obj
 0001:0000b063       ?ShowPluginMenu@CPluginAnsi@@UAEHPAUConEmuPluginMenuItem@@HH@Z 1000c063 f   ConEmuPluginA.obj
 0001:0000b192       ?OpenEditor@CPluginAnsi@@UAE_NPB_W_N11HH@Z 1000c192 f   ConEmuPluginA.obj
 0001:0000b272       ?ShowMessage@CPluginAnsi@@UAEHPB_WH_N@Z 1000c272 f   ConEmuPluginA.obj
 0001:0000b310       ?GetMsg@CPluginAnsi@@UAEPB_WHPA_WI@Z 1000c310 f   ConEmuPluginA.obj
 0001:0000b380       ?IsMacroActive@CPluginAnsi@@UAE_NXZ 1000c380 f   ConEmuPluginA.obj
 0001:0000b3d6       __get_startup_argv_mode    1000c3d6 f   LIBCMT:argv_mode.obj
 0001:0000b3d6       ?GetMacroArea@CPluginAnsi@@UAEHXZ 1000c3d6 f   ConEmuPluginA.obj
 0001:0000b3da       ?RedrawAll@CPluginAnsi@@UAEXXZ 1000c3da f   ConEmuPluginA.obj
 0001:0000b3fd       ?InputBox@CPluginAnsi@@UAE_NPB_W000AAPA_W@Z 1000c3fd f   ConEmuPluginA.obj
 0001:0000b526       ?ShowUserScreen@CPluginAnsi@@UAEX_N@Z 1000c526 f   ConEmuPluginA.obj
 0001:0000b54c       ?LoadFarColors@CPluginAnsi@@UAEXAAY0BAA@E@Z 1000c54c f   ConEmuPluginA.obj
 0001:0000b60b       ?LoadFarSettings@CPluginAnsi@@UAEXPAUCEFarInterfaceSettings@@PAUCEFarPanelSettings@@@Z 1000c60b f   ConEmuPluginA.obj
 0001:0000b64e       ?CheckPanelExist@CPluginAnsi@@UAE_NXZ 1000c64e f   ConEmuPluginA.obj
 0001:0000b673       ?GetActiveWindowType@CPluginAnsi@@UAEHXZ 1000c673 f   ConEmuPluginA.obj
 0001:0000bb3f       ?GuiMacroDlg@CPluginAnsi@@UAEXXZ 1000cb3f f   ConEmuPluginA.obj
 0001:0000bb44       ?IsFarLua@FarVersion@@QBE_NXZ 1000cb44 f i ConEmuPluginBase.obj
 0001:0000be46       ?Plugin@@YAPAVCPluginBase@@XZ 1000ce46 f   ConEmuPluginBase.obj
 0001:0000bee3       ??0CPluginBase@@QAE@XZ     1000cee3 f   ConEmuPluginBase.obj
 0001:0000c001       ?DllMain_ProcessAttach@CPluginBase@@KAXPAUHINSTANCE__@@@Z 1000d001 f   ConEmuPluginBase.obj
 0001:0000c0d7       ?DllMain_ProcessDetach@CPluginBase@@KAXXZ 1000d0d7 f   ConEmuPluginBase.obj
 0001:0000c19a       ??_GMSection@@QAEPAXI@Z    1000d19a f i ConEmuPluginBase.obj
 0001:0000c206       ?DllCheckUnique@CPluginBase@@KA_N_N@Z 1000d206 f   ConEmuPluginBase.obj
 0001:0000c412       ?LoadFarVersion@CPluginBase@@SA_NXZ 1000d412 f   ConEmuPluginBase.obj
 0001:0000c48d       ?ShowMessageBox@CPluginBase@@KAHPB_WI@Z 1000d48d f   ConEmuPluginBase.obj
 0001:0000c52c       ?ShowMessageGui@CPluginBase@@QAEHHH@Z 1000d52c f   ConEmuPluginBase.obj
 0001:0000c598       ?BackgroundMacroError@CPluginBase@@SGKPAX@Z 1000d598 f   ConEmuPluginBase.obj
 0001:0000c5be       ?PostMacro@CPluginBase@@QAEXPB_WPAU_INPUT_RECORD@@_N@Z 1000d5be f   ConEmuPluginBase.obj
 0001:0000c5ff       ?isMacroActive@CPluginBase@@QAE_NAAH@Z 1000d5ff f   ConEmuPluginBase.obj
 0001:0000c632       ?CheckBufferEnabled@CPluginBase@@QAE_NXZ 1000d632 f   ConEmuPluginBase.obj
 0001:0000c690       ?PanelControl@CPluginBase@@QAEHPAXHH0@Z 1000d690 f   ConEmuPluginBase.obj
 0001:0000c6ed       ?GetPanelInfo@CPluginBase@@QAE_NKPAUBkPanelInfo@@@Z 1000d6ed f   ConEmuPluginBase.obj
 0001:0000c76f       ?FillUpdateBackground@CPluginBase@@QAEXPAUPaintBackgroundArg@@@Z 1000d76f f   ConEmuPluginBase.obj
 0001:0000c8bc       ?StorePanelDirs@CPluginBase@@QAE_NPB_W0@Z 1000d8bc f   ConEmuPluginBase.obj
 0001:0000c9da       ?UpdatePanelDirs@CPluginBase@@QAEXXZ 1000d9da f   ConEmuPluginBase.obj
 0001:0000cb54       ?RunExternalProgram@CPluginBase@@QAE_NPA_W@Z 1000db54 f   ConEmuPluginBase.obj
 0001:0000cca9       ?ProcessCommandLine@CPluginBase@@QAE_NPA_W@Z 1000dca9 f   ConEmuPluginBase.obj
 0001:0000ccdb       ?ShowPluginMenu@CPluginBase@@QAEXW4PluginCallCommands@@@Z 1000dcdb f   ConEmuPluginBase.obj
 0001:0000cea2       ?ShowTabsList@CPluginBase@@QAEXXZ 1000dea2 f   ConEmuPluginBase.obj
 0001:0000d0ad       ?ShowPanelsList@CPluginBase@@QAEXXZ 1000e0ad f   ConEmuPluginBase.obj
 0001:0000d1bd       ?EditViewConsoleOutput@CPluginBase@@QAEX_N@Z 1000e1bd f   ConEmuPluginBase.obj
 0001:0000d248       ?SwitchTabCommand@CPluginBase@@QAEXW4PluginMenuCommands@@@Z 1000e248 f   ConEmuPluginBase.obj
 0001:0000d2b9       ?ProcessSynchroEvent@CPluginBase@@QAEHHPAX@Z 1000e2b9 f   ConEmuPluginBase.obj
 0001:0000d31d       ?ProcessEditorInputInternal@CPluginBase@@QAEXABU_INPUT_RECORD@@@Z 1000e31d f   ConEmuPluginBase.obj
 0001:0000d341       ?ProcessEditorViewerEvent@CPluginBase@@QAEHHH@Z 1000e341 f   ConEmuPluginBase.obj
 0001:0000d3e9       ?GetMainThreadId@CPluginBase@@SAKXZ 1000e3e9 f   ConEmuPluginBase.obj
 0001:0000d479       ?ShowConsoleInfo@CPluginBase@@QAEXXZ 1000e479 f   ConEmuPluginBase.obj
 0001:0000d5ee       ?RunExternalProgramW@CPluginBase@@SA_NPA_W0_N@Z 1000e5ee f   ConEmuPluginBase.obj
 0001:0000d815       ?StartDebugger@CPluginBase@@QAE_NXZ 1000e815 f   ConEmuPluginBase.obj
 0001:0000da5a       ?Attach2Gui@CPluginBase@@QAE_N_N@Z 1000ea5a f   ConEmuPluginBase.obj
 0001:0000dda6       ?FindServerCmd@CPluginBase@@QAE_NKAAK_N@Z 1000eda6 f   ConEmuPluginBase.obj
 0001:0000de5b       ?ShowMessage@CPluginBase@@QAEHHH@Z 1000ee5b f   ConEmuPluginBase.obj
 0001:0000dec0       ?OutDataAlloc@CPluginBase@@SA_NK@Z 1000eec0 f   ConEmuPluginBase.obj
 0001:0000df15       ?OutDataRealloc@CPluginBase@@SA_NK@Z 1000ef15 f   ConEmuPluginBase.obj
 0001:0000dfb8       ?OutDataWrite@CPluginBase@@SA_NPAXK@Z 1000efb8 f   ConEmuPluginBase.obj
 0001:0000e032       ?CreateTabs@CPluginBase@@SA_NH@Z 1000f032 f   ConEmuPluginBase.obj
 0001:0000e0d6       ?AddTab@CPluginBase@@QAE_NAAHH_N1HPB_W2HHHH@Z 1000f0d6 f   ConEmuPluginBase.obj
 0001:0000e344       ?SendTabs@CPluginBase@@SAXH_N@Z 1000f344 f   ConEmuPluginBase.obj
 0001:0000e4b8       ?CloseTabs@CPluginBase@@SAXXZ 1000f4b8 f   ConEmuPluginBase.obj
 0001:0000e53c       ?UpdateConEmuTabs@CPluginBase@@QAE_N_N@Z 1000f53c f   ConEmuPluginBase.obj
 0001:0000e70b       ?ShowProtocolWarning@CPluginBase@@KAXXZ 1000f70b f   ConEmuPluginBase.obj
 0001:0000e85d       ?CheckResources@CPluginBase@@QAEX_N@Z 1000f85d f   ConEmuPluginBase.obj
 0001:0000e9f5       ?InitResources@CPluginBase@@QAEXXZ 1000f9f5 f   ConEmuPluginBase.obj
 0001:0000ebb6       ?OpenMapHeader@CPluginBase@@SAHXZ 1000fbb6 f   ConEmuPluginBase.obj
 0001:0000ec9e       ?InitRootRegKey@CPluginBase@@IAEXXZ 1000fc9e f   ConEmuPluginBase.obj
 0001:0000ed55       ?SetRootRegKey@CPluginBase@@IAEXPA_W@Z 1000fd55 f   ConEmuPluginBase.obj
 0001:0000edde       ?LoadPanelTabsFromRegistry@CPluginBase@@IAEXXZ 1000fdde f   ConEmuPluginBase.obj
 0001:0000eeb5       ?InitHWND@CPluginBase@@SAXXZ 1000feb5 f   ConEmuPluginBase.obj
 0001:0000f0d0       ?CheckConEmuDetached@CPluginBase@@SAXXZ 100100d0 f   ConEmuPluginBase.obj
 0001:0000f18f       ?EmergencyShow@CPluginBase@@KAXXZ 1001018f f   ConEmuPluginBase.obj
 0001:0000f1d1       ?MonitorThreadProcW@CPluginBase@@SGKPAX@Z 100101d1 f   ConEmuPluginBase.obj
 0001:0000f5fb       ?OpenPluginCommon@CPluginBase@@QAEPAXHH_N@Z 100105fb f   ConEmuPluginBase.obj
 0001:0000f861       ?ExitFarCommon@CPluginBase@@QAEX_N@Z 10010861 f   ConEmuPluginBase.obj
 0001:0000f879       ?OnMainThreadActivated@CPluginBase@@QAEXXZ 10010879 f   ConEmuPluginBase.obj
 0001:0000f9dd       ?ProcessSetWindowCommand@CPluginBase@@QAEXXZ 100109dd f   ConEmuPluginBase.obj
 0001:0000faab       ?CommonPluginStartup@CPluginBase@@QAEXXZ 10010aab f   ConEmuPluginBase.obj
 0001:0000fb8c       ?StopThread@CPluginBase@@QAEX_N@Z 10010b8c f   ConEmuPluginBase.obj
 0001:0000fd6a       ?ExecuteSynchro@CPluginBase@@QAEXXZ 10010d6a f   ConEmuPluginBase.obj
 0001:0000fde0       ?WaitPluginActivation@CPluginBase@@SAKKPAPAXHK@Z 10010de0 f   ConEmuPluginBase.obj
 0001:0000fec9       ?ActivatePlugin@CPluginBase@@QAE_NKPAXK@Z 10010ec9 f   ConEmuPluginBase.obj
 0001:00010049       ?cmd_OpenEditorLine@CPluginBase@@QAE_NPAUCESERVER_REQ_FAREDITOR@@@Z 10011049 f   ConEmuPluginBase.obj
 0001:000100e4       ?cmd_RedrawFarCall@CPluginBase@@QAE_NAAPAUCESERVER_REQ@@PAPAU2@@Z 100110e4 f   ConEmuPluginBase.obj
 0001:00010181       ?cmd_SetWindow@CPluginBase@@QAE_NPAX_N@Z 10011181 f   ConEmuPluginBase.obj
 0001:000101f1       ?cmd_LeftClickSync@CPluginBase@@QAEXPAX@Z 100111f1 f   ConEmuPluginBase.obj
 0001:000102b6       ?cmd_EMenu@CPluginBase@@QAEXPAX@Z 100112b6 f   ConEmuPluginBase.obj
 0001:00010353       ?cmd_GuiChanged@CPluginBase@@QAEXPAX@Z 10011353 f   ConEmuPluginBase.obj
 0001:000103d7       ?ProcessCommand@CPluginBase@@QAE_NKHPAXPAPAUCESERVER_REQ@@_N@Z 100113d7 f   ConEmuPluginBase.obj
 0001:00010857       ?FarSetConsoleSize@CPluginBase@@SA_NFF@Z 10011857 f   ConEmuPluginBase.obj
 0001:00010942       ?ReloadFarInfoApi@CPluginBase@@IAE_NXZ 10011942 f   ConEmuPluginBase.obj
 0001:00010ab5       ?ReloadFarInfo@CPluginBase@@QAE_N_N@Z 10011ab5 f   ConEmuPluginBase.obj
 0001:00010cab       ?pcc_Selected@CPluginBase@@SA_NW4PluginMenuCommands@@@Z 10011cab f   ConEmuPluginBase.obj
 0001:00010cf7       ?pcc_Disabled@CPluginBase@@SA_NW4PluginMenuCommands@@@Z 10011cf7 f   ConEmuPluginBase.obj
 0001:00010d5d       ?TouchReadPeekConsoleInputs@CPluginBase@@SAXH@Z 10011d5d f   ConEmuPluginBase.obj
 0001:00010d8c       ?OnConsolePeekReadInput@CPluginBase@@SAX_N@Z 10011d8c f   ConEmuPluginBase.obj
 0001:00010f34       ?UngetDummyMouseEvent@CPluginBase@@SA_N_NPAUHookCallbackArg@@@Z 10011f34 f   ConEmuPluginBase.obj
 0001:00011097       ?FillLoadedParm@CPluginBase@@SAXPAUConEmuLoadedArg@@PAUHINSTANCE__@@H@Z 10012097 f   ConEmuPluginBase.obj
 0001:00011125       ?NotifyConEmuUnloaded@CPluginBase@@SAXXZ 10012125 f   ConEmuPluginBase.obj
 0001:00011213       ?OnPanelViewCallbacks@CPluginBase@@SA_NPAUHookCallbackArg@@P6GHPAXPAU_INPUT_RECORD@@KPAKPAH@Z5@Z 10012213 f   ConEmuPluginBase.obj
 0001:000112b4       ?OnShellExecuteExW_Except@CPluginBase@@SGXPAUHookCallbackArg@@@Z 100122b4 f   ConEmuPluginBase.obj
 0001:000112e5       ?OnGetNumberOfConsoleInputEventsPost@CPluginBase@@SGXPAUHookCallbackArg@@@Z 100122e5 f   ConEmuPluginBase.obj
 0001:00011314       ?OnConsolePeekInput@CPluginBase@@SGHPAUHookCallbackArg@@@Z 10012314 f   ConEmuPluginBase.obj
 0001:0001136f       ?OnConsolePeekInputPost@CPluginBase@@SGXPAUHookCallbackArg@@@Z 1001236f f   ConEmuPluginBase.obj
 0001:00011398       ?OnConsoleReadInput@CPluginBase@@SGHPAUHookCallbackArg@@@Z 10012398 f   ConEmuPluginBase.obj
 0001:00011401       ?OnConsoleReadInputPost@CPluginBase@@SGXPAUHookCallbackArg@@@Z 10012401 f   ConEmuPluginBase.obj
 0001:0001157f       ?OnWriteConsoleOutput@CPluginBase@@SGHPAUHookCallbackArg@@@Z 1001257f f   ConEmuPluginBase.obj
 0001:0001160e       ?OnConsoleDetaching@CPluginBase@@SGHPAUHookCallbackArg@@@Z 1001260e f   ConEmuPluginBase.obj
 0001:0001172a       ?OnConsoleWasAttached@CPluginBase@@SGXPAUHookCallbackArg@@@Z 1001272a f   ConEmuPluginBase.obj
 0001:0001177c       ?OnCurDirChanged@CPluginBase@@SGXXZ 1001277c f   ConEmuPluginBase.obj
 0001:000117d3       ?OnLibraryLoaded@CPluginBase@@SGXPAUHINSTANCE__@@@Z 100127d3 f   ConEmuPluginBase.obj
 0001:00011829       ?ToUnicode@CPluginBase@@SAPA_WPBD@Z 10012829 f   ConEmuPluginBase.obj
 0001:00011880       ?ToOem@CPluginBase@@SAXPB_WPADH@Z 10012880 f   ConEmuPluginBase.obj
 0001:000118a4       ?ToOem@CPluginBase@@SAPADPB_W@Z 100128a4 f   ConEmuPluginBase.obj
 0001:000118e8       ?ProcessDragFrom@CPluginBase@@QAEXXZ 100128e8 f   ConEmuPluginBase.obj
 0001:00011d55       ?ProcessDragTo@CPluginBase@@QAEXXZ 10012d55 f   ConEmuPluginBase.obj
 0001:00012045       ?IsCurrentTabModal@CPluginBase@@QAE_NXZ 10013045 f   ConEmuPluginBase.obj
 0001:000120b9       ?PrintText@CPluginBase@@QAE_NPB_W@Z 100130b9 f   ConEmuPluginBase.obj
 0001:000121a0       ??0CPluginBackground@@QAE@XZ 100131a0 f   PluginBackground.obj
 0001:00012371       ??1CPluginBackground@@QAE@XZ 10013371 f   PluginBackground.obj
 0001:0001249e       ?RegisterSubplugin@CPluginBackground@@QAEHPAURegisterBackgroundArg@@@Z 1001349e f   PluginBackground.obj
 0001:000126ae       ?ReallocItems@CPluginBackground@@IAEXH@Z 100136ae f   PluginBackground.obj
 0001:00012700       ?OnMainThreadActivated@CPluginBackground@@QAEXHH@Z 10013700 f   PluginBackground.obj
 0001:000127cc       ?IsParmChanged@CPluginBackground@@IAE_NPAUPaintBackgroundArg@@0@Z 100137cc f   PluginBackground.obj
 0001:000129e8       ?CheckPanelFolders@CPluginBackground@@IAEXH@Z 100139e8 f   PluginBackground.obj
 0001:00012a9e       ?SetDcPanelRect@CPluginBackground@@IAEXPAUtagRECT@@PAUBkPanelInfo@@PAUPaintBackgroundArg@@@Z 10013a9e f   PluginBackground.obj
 0001:00012b6c       ?UpdateBackground@CPluginBackground@@IAEXXZ 10013b6c f   PluginBackground.obj
 0001:000132c1       ?LoadThSet@CPluginBackground@@IAEHH@Z 100142c1 f   PluginBackground.obj
 0001:0001347e       ?InternalOpenCreate@?$MFileMapping@UPanelViewSetMapping@@@@IAEPAUPanelViewSetMapping@@HHH@Z 1001447e f i PluginBackground.obj
 0001:00013547       ?PlugServerStart@@YA_NXZ   10014547 f   PluginSrv.obj
 0001:000135f1       ?PlugServerStop@@YAX_N@Z   100145f1 f   PluginSrv.obj
 0001:00013622       ?cmd_FarSetChanged@@YAXPAUFAR_REQ_FARSETCHANGED@@@Z 10014622 f   PluginSrv.obj
 0001:00013664       ?PlugServerCommand@@YGHPAXPAUCESERVER_REQ@@AAPAU1@AAK3J@Z 10014664 f   PluginSrv.obj
 0001:00013b4a       ?PlugServerFree@@YGXPAUCESERVER_REQ@@J@Z 10014b4a f   PluginSrv.obj
 0001:00013b59       ?StopPipeServer@?$PipeServer@UCESERVER_REQ@@@@QAEX_NAA_N@Z 10014b59 f i PluginSrv.obj
 0001:00013e8a       ?StartPipeServer@?$PipeServer@UCESERVER_REQ@@@@QAE_N_NPB_WJPAU_SECURITY_ATTRIBUTES@@P6GHPAXPAUCESERVER_REQ@@AAPAU3@AAK6J@ZP6GX4J@ZP6GH3J@Z99@Z 10014e8a f i PluginSrv.obj
 0001:00013fa9       ?StartPipeInstance@?$PipeServer@UCESERVER_REQ@@@@IAE_NPAUPipeInst@1@@Z 10014fa9 f i PluginSrv.obj
 0001:000140e3       ?_Disconnect@?$PipeServer@UCESERVER_REQ@@@@IAEXPAUPipeInst@1@_N11@Z 100150e3 f i PluginSrv.obj
 0001:00014137       ?DumpError@?$PipeServer@UCESERVER_REQ@@@@IAEXPAUPipeInst@1@PB_WH@Z 10015137 f i PluginSrv.obj
 0001:0001420c       ?_PipeServerThread@?$PipeServer@UCESERVER_REQ@@@@KGKPAX@Z 1001520c f i PluginSrv.obj
 0001:00014255       ?PipeServerThread@?$PipeServer@UCESERVER_REQ@@@@IAEKPAUPipeInst@1@@Z 10015255 f i PluginSrv.obj
 0001:0001447f       ?WriteDummyAnswer@?$PipeServer@UCESERVER_REQ@@@@IAEHPAUPipeInst@1@@Z 1001547f f i PluginSrv.obj
 0001:000144e5       ?WaitForClient@?$PipeServer@UCESERVER_REQ@@@@IAE_NPAUPipeInst@1@AAH1@Z 100154e5 f i PluginSrv.obj
 0001:00014757       ?PipeServerWrite@?$PipeServer@UCESERVER_REQ@@@@IAEHPAUPipeInst@1@PBXKPAKH@Z 10015757 f i PluginSrv.obj
 0001:00014819       ?PipeServerRead@?$PipeServer@UCESERVER_REQ@@@@IAEHPAUPipeInst@1@@Z 10015819 f i PluginSrv.obj
 0001:00014a89       ?AllocRequestBuf@PipeInst@?$PipeServer@UCESERVER_REQ@@@@QAEPAUCESERVER_REQ@@K@Z 10015a89 f i PluginSrv.obj
 0001:00014ad8       ?WaitOverlapped@?$PipeServer@UCESERVER_REQ@@@@IAEHPAUPipeInst@1@PAK@Z 10015ad8 f i PluginSrv.obj
 0001:00014c23       @__security_check_cookie@4 10015c23 f   LIBCMT:_secchk_.obj
 0001:00014c34       ___raise_securityfailure   10015c34 f   LIBCMT:gs_report.obj
 0001:00014c5c       ___report_gsfailure        10015c5c f   LIBCMT:gs_report.obj
 0001:00014d57       ??3@YAXPAXI@Z              10015d57 f   LIBCMT:delete_scalar_size.obj
 0001:00014d65       ??_Gtype_info@@UAEPAXI@Z   10015d65 f i LIBCMT:std_type_info_static.obj
 0001:00014d65       ??_Etype_info@@UAEPAXI@Z   10015d65 f i LIBCMT:std_type_info_static.obj
 0001:00014dcc       ___scrt_acquire_startup_lock 10015dcc f   LIBCMT:utility.obj
 0001:00014e01       ___scrt_dllmain_after_initialize_c 10015e01 f   LIBCMT:utility.obj
 0001:00014e2c       ___scrt_dllmain_before_initialize_c 10015e2c f   LIBCMT:utility.obj
 0001:00014e3a       ___scrt_dllmain_crt_thread_attach 10015e3a f   LIBCMT:utility.obj
 0001:00014e59       ___scrt_dllmain_crt_thread_detach 10015e59 f   LIBCMT:utility.obj
 0001:00014e66       ___scrt_dllmain_exception_filter 10015e66 f   LIBCMT:utility.obj
 0001:00014e99       ___scrt_dllmain_uninitialize_c 10015e99 f   LIBCMT:utility.obj
 0001:00014ebc       ___scrt_dllmain_uninitialize_critical 10015ebc f   LIBCMT:utility.obj
 0001:00014ec9       ___scrt_initialize_crt     10015ec9 f   LIBCMT:utility.obj
 0001:00014f02       ___scrt_initialize_onexit_tables 10015f02 f   LIBCMT:utility.obj
 0001:00014fac       ___scrt_is_nonwritable_in_current_image 10015fac f   LIBCMT:utility.obj
 0001:00015036       ___scrt_release_startup_lock 10016036 f   LIBCMT:utility.obj
 0001:00015053       ___scrt_uninitialize_crt   10016053 f   LIBCMT:utility.obj
 0001:0001507b       __onexit                   1001607b f   LIBCMT:utility.obj
 0001:000150b6       _atexit                    100160b6 f   LIBCMT:utility.obj
 0001:000150f2       ??$__crt_fast_encode_pointer@PAX@@YAPAXQAX@Z 100160f2 f i libvcruntime:winapi_downlevel.obj
 0001:000150f2       ??$__crt_fast_encode_pointer@P6GHPAU_RTL_CONDITION_VARIABLE@@PAU_RTL_CRITICAL_SECTION@@K@Z@@YAP6GHPAU_RTL_CONDITION_VARIABLE@@PAU_RTL_CRITICAL_SECTION@@K@ZQ6GH01K@Z@Z 100160f2 f i LIBCMT:thread_safe_statics.obj
 0001:000150f2       ??$__crt_fast_encode_pointer@P6GXPAU_RTL_CONDITION_VARIABLE@@@Z@@YAP6GXPAU_RTL_CONDITION_VARIABLE@@@ZQ6GX0@Z@Z 100160f2 f i LIBCMT:thread_safe_statics.obj
 0001:000150f2       ??$__crt_fast_encode_pointer@PAP6AXXZ@@YAPAP6AXXZQAP6AXXZ@Z 100160f2 f i LIBCMT:utility.obj
 0001:000151eb       __Init_thread_footer       100161eb f   LIBCMT:thread_safe_statics.obj
 0001:0001522a       __Init_thread_header       1001622a f   LIBCMT:thread_safe_statics.obj
 0001:00015270       __Init_thread_lock         10016270 f   LIBCMT:thread_safe_statics.obj
 0001:0001527c       __Init_thread_notify       1001627c f   LIBCMT:thread_safe_statics.obj
 0001:000152bd       __Init_thread_unlock       100162bd f   LIBCMT:thread_safe_statics.obj
 0001:000152c9       __Init_thread_wait         100162c9 f   LIBCMT:thread_safe_statics.obj
 0001:00015628       __DllMainCRTStartup@12     10016628 f   LIBCMT:dll_dllmain.obj
 0001:0001564b       ___isa_available_init      1001664b f   LIBCMT:_cpu_disp_.obj
 0001:000157ea       ___scrt_is_ucrt_dll_in_use 100167ea f   LIBCMT:ucrt_detection.obj
 0001:000157f6       ___scrt_fastfail           100167f6 f   LIBCMT:utility_desktop.obj
 0001:00015911       __crt_debugger_hook        10016911 f   LIBCMT:utility_desktop.obj
 0001:00015919       @_guard_check_icall@4      10016919 f i LIBCMT:checkcfg.obj
 0001:00015920       __SEH_prolog4              10016920 f   LIBCMT:_sehprolg4_.obj
 0001:00015966       __SEH_epilog4              10016966 f   LIBCMT:_sehprolg4_.obj
 0001:0001597b       ___security_init_cookie    1001697b f   LIBCMT:gs_support.obj
 0001:00015a17       ?__scrt_initialize_type_info@@YAXXZ 10016a17 f   LIBCMT:tncleanup.obj
 0001:00015a23       ?__scrt_uninitialize_type_info@@YAXXZ 10016a23 f   LIBCMT:tncleanup.obj
 0001:00015a2f       ___local_stdio_printf_options 10016a2f f i LIBCMT:default_local_stdio_options.obj
 0001:00015a35       ___local_stdio_scanf_options 10016a35 f i LIBCMT:default_local_stdio_options.obj
 0001:00015a3b       ___scrt_initialize_default_local_stdio_options 10016a3b f   LIBCMT:default_local_stdio_options.obj
 0001:00015a58       ___scrt_get_dyn_tls_init_callback 10016a58 f   LIBCMT:dyn_tls_init.obj
 0001:00015a5e       __RTC_Initialize           10016a5e f   LIBCMT:_initsect_.obj
 0001:00015a89       __RTC_Terminate            10016a89 f   LIBCMT:_initsect_.obj
 0001:00015ab4       ?_CallCatchBlock2@@YAPAXPAUEHRegistrationNode@@PBU_s_FuncInfo@@PAXHK@Z 10016ab4 f   libvcruntime:trnsctrl.obj
 0001:00015b14       ?_CallSETranslator@@YAHPAUEHExceptionRecord@@PAUEHRegistrationNode@@PAX2PBU_s_FuncInfo@@H1@Z 10016b14 f   libvcruntime:trnsctrl.obj
 0001:00015bf1       ?_GetRangeOfTrysToCheck@@YAPBU_s_TryBlockMapEntry@@PBU_s_FuncInfo@@HHPAI1@Z 10016bf1 f   libvcruntime:trnsctrl.obj
 0001:00015c69       ?_JumpToContinuation@@YGXPAXPAUEHRegistrationNode@@@Z 10016c69 f   libvcruntime:trnsctrl.obj
 0001:00015c9b       ?_UnwindNestedFrames@@YGXPAUEHRegistrationNode@@PAUEHExceptionRecord@@@Z 10016c9b f   libvcruntime:trnsctrl.obj
 0001:00015cf0       __CatchGuardHandler        10016cf0 f   libvcruntime:trnsctrl.obj
 0001:00015d21       __CreateFrameInfo          10016d21 f   libvcruntime:trnsctrl.obj
 0001:00015d45       __FindAndUnlinkFrame       10016d45 f   libvcruntime:trnsctrl.obj
 0001:00015d8f       __IsExceptionObjectToBeDestroyed 10016d8f f   libvcruntime:trnsctrl.obj
 0001:00015db5       __TranslatorGuardHandler   10016db5 f   libvcruntime:trnsctrl.obj
 0001:00015e54       ___CxxFrameHandler3        10016e54 f   libvcruntime:trnsctrl.obj
 0001:00015e90       _memmove                   10016e90 f   libvcruntime:memmove.obj
 0001:00016404       ___DestructExceptionObject 10017404 f   libvcruntime:frame.obj
 0001:00016498       ??0bad_exception@std@@QAE@ABV01@@Z 10017498 f i libvcruntime:frame.obj
 0001:000164b3       ??0bad_exception@std@@QAE@XZ 100174b3 f i libvcruntime:frame.obj
 0001:000164cb       ??0exception@std@@QAE@ABV01@@Z 100174cb f i libvcruntime:frame.obj
 0001:000164f7       ??1bad_exception@std@@UAE@XZ 100174f7 f i libvcruntime:frame.obj
 0001:00016508       ??_Gexception@std@@UAEPAXI@Z 10017508 f i libvcruntime:frame.obj
 0001:00016508       ??_Ebad_exception@std@@UAEPAXI@Z 10017508 f i libvcruntime:frame.obj
 0001:00016508       ??_Eexception@std@@UAEPAXI@Z 10017508 f i libvcruntime:frame.obj
 0001:00016508       ??_Gbad_exception@std@@UAEPAXI@Z 10017508 f i libvcruntime:frame.obj
 0001:00016d4e       ?_CallMemberFunction0@@YGXQAX0@Z 10017d4e f i libvcruntime:frame.obj
 0001:00016d4e       ?_CallMemberFunction2@@YGXQAX00H@Z 10017d4e f i libvcruntime:frame.obj
 0001:00016d4e       ?_CallMemberFunction1@@YGXQAX00@Z 10017d4e f i libvcruntime:frame.obj
 0001:00016d55       ?what@exception@std@@UBEPBDXZ 10017d55 f i libvcruntime:frame.obj
 0001:00016d62       ___AdjustPointer           10017d62 f   libvcruntime:frame.obj
 0001:00016d87       ___BuildCatchObject        10017d87 f   libvcruntime:frame.obj
 0001:00016e16       ___BuildCatchObjectHelper  10017e16 f   libvcruntime:frame.obj
 0001:00016f44       ___FrameUnwindFilter       10017f44 f   libvcruntime:frame.obj
 0001:00016f89       ___FrameUnwindToState      10017f89 f   libvcruntime:frame.obj
 0001:00017051       ___InternalCxxFrameHandler 10018051 f   libvcruntime:frame.obj
 0001:0001714d       ___TypeMatch               1001814d f   libvcruntime:frame.obj
 0001:000171db       ___std_terminate           100181db f   libvcruntime:frame.obj
 0001:000171e0       _wcschr                    100181e0 f   libvcruntime:wcschr.obj
 0001:0001728e       _wcsstr                    1001828e f   libvcruntime:wcsstr.obj
 0001:00017511       _wcsrchr                   10018511 f   libvcruntime:wcsrchr.obj
 0001:000175c0       _strrchr                   100185c0 f   libvcruntime:strrchr.obj
 0001:00017740       __except_handler4          10018740 f   libvcruntime:_chandler4_.obj
 0001:000178b0       _strchr                    100188b0 f   libvcruntime:strchr.obj
 0001:0001791e       ___from_strstr_to_strchr   1001891e     libvcruntime:strchr.obj
 0001:000179db       __get_purecall_handler     100189db f   libvcruntime:purevirt.obj
 0001:000179f0       __purecall                 100189f0 f   libvcruntime:purevirt.obj
 0001:00017a0b       ___vcrt_initialize         10018a0b f   libvcruntime:initialization.obj
 0001:00017a34       ___vcrt_thread_attach      10018a34 f   libvcruntime:initialization.obj
 0001:00017a3f       ___vcrt_thread_detach      10018a3f f   libvcruntime:initialization.obj
 0001:00017a4a       ___vcrt_uninitialize       10018a4a f   libvcruntime:initialization.obj
 0001:00017a69       ___vcrt_uninitialize_critical 10018a69 f   libvcruntime:initialization.obj
 0001:00017bb7       ___vcrt_FlsAlloc           10018bb7 f   libvcruntime:winapi_downlevel.obj
 0001:00017bf1       ___vcrt_FlsFree            10018bf1 f   libvcruntime:winapi_downlevel.obj
 0001:00017c2b       ___vcrt_FlsGetValue        10018c2b f   libvcruntime:winapi_downlevel.obj
 0001:00017c65       ___vcrt_FlsSetValue        10018c65 f   libvcruntime:winapi_downlevel.obj
 0001:00017ca2       ___vcrt_InitializeCriticalSectionEx 10018ca2 f   libvcruntime:winapi_downlevel.obj
 0001:00017ce8       ___vcrt_initialize_winapi_thunks 10018ce8 f   libvcruntime:winapi_downlevel.obj
 0001:00017d22       ___vcrt_uninitialize_winapi_thunks 10018d22 f   libvcruntime:winapi_downlevel.obj
 0001:00017d60       _memset                    10018d60 f   libvcruntime:memset.obj
 0001:00017eba       ___std_type_info_compare   10018eba f   libvcruntime:std_type_info.obj
 0001:00017ef6       ___std_type_info_destroy_list 10018ef6 f   libvcruntime:std_type_info.obj
 0001:00017f19       ___vcrt_freefls@4          10018f19 f   libvcruntime:per_thread_data.obj
 0001:00017f35       ___vcrt_freeptd            10018f35 f   libvcruntime:per_thread_data.obj
 0001:00017f6b       ___vcrt_getptd             10018f6b f   libvcruntime:per_thread_data.obj
 0001:00017f79       ___vcrt_getptd_noexit      10018f79 f   libvcruntime:per_thread_data.obj
 0001:0001800b       ___vcrt_initialize_ptd     1001900b f   libvcruntime:per_thread_data.obj
 0001:0001803e       ___vcrt_uninitialize_ptd   1001903e f   libvcruntime:per_thread_data.obj
 0001:00018060       __CallSettingFrame@12      10019060 f   libvcruntime:lowhelpr.obj
 0001:00018087       __NLG_Return               10019087     libvcruntime:lowhelpr.obj
 0001:000180ac       ___except_validate_context_record 100190ac f   libvcruntime:jbcxrval.obj
 0001:000180dc       ___except_validate_jump_buffer 100190dc f   libvcruntime:jbcxrval.obj
 0001:00018109       _unexpected                10019109 f   libvcruntime:unexpected.obj
 0001:00018125       ___std_exception_copy      10019125 f   libvcruntime:std_exception.obj
 0001:00018188       ___std_exception_destroy   10019188 f   libvcruntime:std_exception.obj
 0001:000181a7       __CxxThrowException@8      100191a7 f   libvcruntime:throw.obj
 0001:00018220       __local_unwind4            10019220 f   libvcruntime:_exsup4_.obj
 0001:000182f6       __seh_longjmp_unwind4@4    100192f6 f   libvcruntime:_exsup4_.obj
 0001:0001831e       @_EH4_CallFilterFunc@8     1001931e f   libvcruntime:_exsup4_.obj
 0001:00018335       @_EH4_TransferToHandler@8  10019335 f   libvcruntime:_exsup4_.obj
 0001:0001834e       @_EH4_GlobalUnwind2@8      1001934e f   libvcruntime:_exsup4_.obj
 0001:00018367       @_EH4_LocalUnwind@16       10019367 f   libvcruntime:_exsup4_.obj
 0001:0001837e       ___vcrt_initialize_pure_virtual_call_handler 1001937e f   libvcruntime:purevirt_data.obj
 0001:0001839b       ___vcrt_initialize_locks   1001939b f   libvcruntime:locks.obj
 0001:000183d7       ___vcrt_uninitialize_locks 100193d7 f   libvcruntime:locks.obj
 0001:00018410       __global_unwind2           10019410 f   libvcruntime:_exsup_.obj
 0001:00018475       __local_unwind2            10019475 f   libvcruntime:_exsup_.obj
 0001:000184f9       __abnormal_termination     100194f9 f   libvcruntime:_exsup_.obj
 0001:0001851c       __NLG_Notify1              1001951c f   libvcruntime:_exsup_.obj
 0001:00018525       __NLG_Notify               10019525 f   libvcruntime:_exsup_.obj
 0001:0001853c       __NLG_Dispatch             1001953c     libvcruntime:_exsup_.obj
 0001:0001853c       __NLG_Dispatch2            1001953c     libvcruntime:_exsup_.obj
 0001:00018544       __NLG_Call                 10019544 f   libvcruntime:_exsup_.obj
 0001:00018546       __NLG_Return2              10019546     libvcruntime:_exsup_.obj
 0001:00018547       _wcsncmp                   10019547 f   libucrt:wcsncmp.obj
 0001:00018581       ??0_LocaleUpdate@@QAE@QAU__crt_locale_pointers@@@Z 10019581 f i libucrt:strtox.obj
 0001:00018604       __seh_filter_dll           10019604 f   libucrt:exception_filter.obj
 0001:00018624       __seh_filter_exe           10019624 f   libucrt:exception_filter.obj
 0001:000189b2       ___acrt_initialize_thread_local_exit_callback 100199b2 f   libucrt:exit.obj
 0001:000189c1       __cexit                    100199c1 f   libucrt:exit.obj
 0001:000189d0       __exit                     100199d0 f   libucrt:exit.obj
 0001:000189e6       __is_c_termination_complete 100199e6 f   libucrt:exit.obj
 0001:00018c85       ___acrt_allocate_buffer_for_argv 10019c85 f   libucrt:argv_parsing.obj
 0001:00018cda       __configure_narrow_argv    10019cda f   libucrt:argv_parsing.obj
 0001:00018e3e       ??$uninitialize@A6AXAAPAPA_W@Z@?$dual_state_global@PAPA_W@__crt_state_management@@QAEXA6AXAAPAPA_W@Z@Z 10019e3e f i libucrt:environment_initialization.obj
 0001:00018e3e       ??$uninitialize@A6AXAAPAPAD@Z@?$dual_state_global@PAPAD@__crt_state_management@@QAEXA6AXAAPAPAD@Z@Z 10019e3e f i libucrt:environment_initialization.obj
 0001:00018eb4       ___dcrt_uninitialize_environments_nolock 10019eb4 f   libucrt:environment_initialization.obj
 0001:00018eeb       __initialize_narrow_environment 10019eeb f   libucrt:environment_initialization.obj
 0001:00018ef0       ??$?RV<lambda_800076c951b434888f4765a74a194fcc>@@AAV<lambda_4e60a939b0d047cfe11ddc22648dfba9>@@V<lambda_6dbb1268764f43b569ce7b67e331d33a>@@@?$__crt_seh_guarded_call@H@@QAEH$$QAV<lambda_800076c951b434888f4765a74a194fcc>@@AAV<lambda_4e60a939b0d047cfe11ddc22648dfba9>@@$$QAV<lambda_6dbb1268764f43b569ce7b67e331d33a>@@@Z 10019ef0 f i libucrt:onexit.obj
 0001:00018f41       ??$?RV<lambda_995298e7d72eb4c2aab26c0585b3abe5>@@AAV<lambda_275893d493268fdec8709772e3fcec0e>@@V<lambda_293819299cbf9a7022e18b56a874bb5c>@@@?$__crt_seh_guarded_call@H@@QAEH$$QAV<lambda_995298e7d72eb4c2aab26c0585b3abe5>@@AAV<lambda_275893d493268fdec8709772e3fcec0e>@@$$QAV<lambda_293819299cbf9a7022e18b56a874bb5c>@@@Z 10019f41 f i libucrt:onexit.obj
 0001:00018f92       ??$__acrt_lock_and_call@V<lambda_275893d493268fdec8709772e3fcec0e>@@@@YAHW4__acrt_lock_id@@$$QAV<lambda_275893d493268fdec8709772e3fcec0e>@@@Z 10019f92 f i libucrt:onexit.obj
 0001:00018fba       ??$__acrt_lock_and_call@V<lambda_4e60a939b0d047cfe11ddc22648dfba9>@@@@YAHW4__acrt_lock_id@@$$QAV<lambda_4e60a939b0d047cfe11ddc22648dfba9>@@@Z 10019fba f i libucrt:onexit.obj
 0001:00018fe2       ??$__crt_fast_encode_pointer@P6AHXZ@@YAP6AHXZQ6AHXZ@Z 10019fe2 f i libucrt:onexit.obj
 0001:00019262       __crt_atexit               1001a262 f   libucrt:onexit.obj
 0001:00019278       __execute_onexit_table     1001a278 f   libucrt:onexit.obj
 0001:00019295       __initialize_onexit_table  1001a295 f   libucrt:onexit.obj
 0001:000192d2       __register_onexit_function 1001a2d2 f   libucrt:onexit.obj
 0001:00019322       ___acrt_uninitialize_command_line 1001a322 f   libucrt:argv_data.obj
 0001:000193ea       ___acrt_initialize         1001a3ea f   libucrt:initialization.obj
 0001:000193fc       ___acrt_thread_attach      1001a3fc f   libucrt:initialization.obj
 0001:00019407       ___acrt_thread_detach      1001a407 f   libucrt:initialization.obj
 0001:0001940f       ___acrt_uninitialize       1001a40f f   libucrt:initialization.obj
 0001:00019421       ___acrt_uninitialize_critical 1001a421 f   libucrt:initialization.obj
 0001:00019433       __initterm                 1001a433 f   libucrt:initterm.obj
 0001:0001948f       __initterm_e               1001a48f f   libucrt:initterm.obj
 0001:000194d4       _terminate                 1001a4d4 f   libucrt:terminate.obj
 0001:00019510       _abort                     1001a510 f   libucrt:abort.obj
 0001:00019553       __free_base                1001a553 f   libucrt:free_base.obj
 0001:0001958d       __malloc_base              1001a58d f   libucrt:malloc_base.obj
 0001:000195db       _strcpy_s                  1001a5db f   libucrt:strcpy_s.obj
 0001:00019635       __calloc_base              1001a635 f   libucrt:calloc_base.obj
 0001:00019692       _free                      1001a692 f   libucrt:free.obj
 0001:00019697       _malloc                    1001a697 f   libucrt:malloc.obj
 0001:000196a2       ___acrt_call_reportfault   1001a6a2 f   libucrt:invalid_parameter.obj
 0001:000197dd       ___acrt_initialize_invalid_parameter_handler 1001a7dd f   libucrt:invalid_parameter.obj
 0001:000197f1       __invalid_parameter        1001a7f1 f   libucrt:invalid_parameter.obj
 0001:0001986c       __invalid_parameter_noinfo 1001a86c f   libucrt:invalid_parameter.obj
 0001:0001987c       __invoke_watson            1001a87c f   libucrt:invalid_parameter.obj
 0001:000198af       ___acrt_errno_from_os_error 1001a8af f   libucrt:errno.obj
 0001:000198f2       ___acrt_errno_map_os_error 1001a8f2 f   libucrt:errno.obj
 0001:00019915       ___doserrno                1001a915 f   libucrt:errno.obj
 0001:00019928       __errno                    1001a928 f   libucrt:errno.obj
 0001:0001993b       ___pctype_func             1001a93b f   libucrt:ctype.obj
 0001:00019961       ??$?RV<lambda_3518db117f0e7cdb002338c5d3c47b6c>@@AAV<lambda_b2ea41f6bbb362cd97d94c6828d90b61>@@V<lambda_abdedf541bb04549bc734292b4a045d4>@@@?$__crt_seh_guarded_call@X@@QAEX$$QAV<lambda_3518db117f0e7cdb002338c5d3c47b6c>@@AAV<lambda_b2ea41f6bbb362cd97d94c6828d90b61>@@$$QAV<lambda_abdedf541bb04549bc734292b4a045d4>@@@Z 1001a961 f i libucrt:per_thread_data.obj
 0001:000199b1       ??$?RV<lambda_51b6e8b1eb166f2a3faf91f424b38130>@@AAV<lambda_6250bd4b2a391816dd638c3bf72b0bcb>@@V<lambda_0b5a4a3e68152e1d9b943535f5f47bed>@@@?$__crt_seh_guarded_call@X@@QAEX$$QAV<lambda_51b6e8b1eb166f2a3faf91f424b38130>@@AAV<lambda_6250bd4b2a391816dd638c3bf72b0bcb>@@$$QAV<lambda_0b5a4a3e68152e1d9b943535f5f47bed>@@@Z 1001a9b1 f i libucrt:per_thread_data.obj
 0001:00019a12       ??$?RV<lambda_5b71d36f03204c0beab531769a5b5694>@@AAV<lambda_be2b3da3f62db62e9dad5dc70221a656>@@V<lambda_8f9ce462984622f9bf76b59e2aaaf805>@@@?$__crt_seh_guarded_call@X@@QAEX$$QAV<lambda_5b71d36f03204c0beab531769a5b5694>@@AAV<lambda_be2b3da3f62db62e9dad5dc70221a656>@@$$QAV<lambda_8f9ce462984622f9bf76b59e2aaaf805>@@@Z 1001aa12 f i libucrt:per_thread_data.obj
 0001:00019a5d       ??$?RV<lambda_9df27f884b057bc3edfc946cb5b7cf47>@@AAV<lambda_e69574bed617af4e071282c136b37893>@@V<lambda_cc0d902bcbbeb830f749456577db4721>@@@?$__crt_seh_guarded_call@X@@QAEX$$QAV<lambda_9df27f884b057bc3edfc946cb5b7cf47>@@AAV<lambda_e69574bed617af4e071282c136b37893>@@$$QAV<lambda_cc0d902bcbbeb830f749456577db4721>@@@Z 1001aa5d f i libucrt:per_thread_data.obj
 0001:00019aa5       ??$__acrt_lock_and_call@V<lambda_6250bd4b2a391816dd638c3bf72b0bcb>@@@@YAXW4__acrt_lock_id@@$$QAV<lambda_6250bd4b2a391816dd638c3bf72b0bcb>@@@Z 1001aaa5 f i libucrt:per_thread_data.obj
 0001:00019acd       ??$__acrt_lock_and_call@V<lambda_b2ea41f6bbb362cd97d94c6828d90b61>@@@@YAXW4__acrt_lock_id@@$$QAV<lambda_b2ea41f6bbb362cd97d94c6828d90b61>@@@Z 1001aacd f i libucrt:per_thread_data.obj
 0001:00019af5       ??$__acrt_lock_and_call@V<lambda_be2b3da3f62db62e9dad5dc70221a656>@@@@YAXW4__acrt_lock_id@@$$QAV<lambda_be2b3da3f62db62e9dad5dc70221a656>@@@Z 1001aaf5 f i libucrt:per_thread_data.obj
 0001:00019b1d       ??$__acrt_lock_and_call@V<lambda_e69574bed617af4e071282c136b37893>@@@@YAXW4__acrt_lock_id@@$$QAV<lambda_e69574bed617af4e071282c136b37893>@@@Z 1001ab1d f i libucrt:per_thread_data.obj
 0001:00019cd3       ___acrt_freeptd            1001acd3 f   libucrt:per_thread_data.obj
 0001:00019cff       ___acrt_getptd             1001acff f   libucrt:per_thread_data.obj
 0001:00019d83       ___acrt_getptd_noexit      1001ad83 f   libucrt:per_thread_data.obj
 0001:00019e08       ___acrt_initialize_ptd     1001ae08 f   libucrt:per_thread_data.obj
 0001:00019e34       ___acrt_uninitialize_ptd   1001ae34 f   libucrt:per_thread_data.obj
 0001:00019e4e       ___acrt_update_locale_info 1001ae4e f   libucrt:locale_update.obj
 0001:00019e7b       ___acrt_update_multibyte_info 1001ae7b f   libucrt:locale_update.obj
 0001:00019ea8       ___acrt_set_locale_changed 1001aea8 f   libucrt:wsetlocale.obj
 0001:00019eb3       ___acrt_uninitialize_locale 1001aeb3 f   libucrt:wsetlocale.obj
 0001:00019f05       ___acrt_initialize_locks   1001af05 f   libucrt:locks.obj
 0001:00019f46       ___acrt_lock               1001af46 f   libucrt:locks.obj
 0001:00019f5d       ___acrt_uninitialize_locks 1001af5d f   libucrt:locks.obj
 0001:00019f8e       ___acrt_unlock             1001af8e f   libucrt:locks.obj
 0001:0001a0bc       ___acrt_FlsAlloc@4         1001b0bc f   libucrt:winapi_thunks.obj
 0001:0001a112       ___acrt_FlsFree@4          1001b112 f   libucrt:winapi_thunks.obj
 0001:0001a168       ___acrt_FlsGetValue@4      1001b168 f   libucrt:winapi_thunks.obj
 0001:0001a1be       ___acrt_FlsSetValue@8      1001b1be f   libucrt:winapi_thunks.obj
 0001:0001a217       ___acrt_InitializeCriticalSectionEx@12 1001b217 f   libucrt:winapi_thunks.obj
 0001:0001a279       ___acrt_LCMapStringEx@36   1001b279 f   libucrt:winapi_thunks.obj
 0001:0001a301       ___acrt_LocaleNameToLCID@8 1001b301 f   libucrt:winapi_thunks.obj
 0001:0001a35d       ___acrt_initialize_winapi_thunks 1001b35d f   libucrt:winapi_thunks.obj
 0001:0001a383       ___acrt_is_packaged_app    1001b383 f   libucrt:winapi_thunks.obj
 0001:0001a40a       ___acrt_uninitialize_winapi_thunks 1001b40a f   libucrt:winapi_thunks.obj
 0001:0001a802       ??1?$argument_list@D@?A0xb0e4b824@@QAE@XZ 1001b802 f i libucrt:argv_wildcards.obj
 0001:0001a827       ?append@?$argument_list@D@?A0xb0e4b824@@QAEHQAD@Z 1001b827 f i libucrt:argv_wildcards.obj
 0001:0001a85c       ?expand_if_necessary@?$argument_list@D@?A0xb0e4b824@@AAEHXZ 1001b85c f i libucrt:argv_wildcards.obj
 0001:0001a8e3       ___acrt_expand_narrow_argv_wildcards 1001b8e3 f   libucrt:argv_wildcards.obj
 0001:0001a8ee       ??$?RV<lambda_978dc153c237d78434369da87b74ff60>@@AAV<lambda_ad1ced32f4ac17aa236e5ef05d6b3b7c>@@V<lambda_4a8533e2866a575feecb8298ce776b0d>@@@?$__crt_seh_guarded_call@X@@QAEX$$QAV<lambda_978dc153c237d78434369da87b74ff60>@@AAV<lambda_ad1ced32f4ac17aa236e5ef05d6b3b7c>@@$$QAV<lambda_4a8533e2866a575feecb8298ce776b0d>@@@Z 1001b8ee f i libucrt:mbctype.obj
 0001:0001a931       ??$__acrt_lock_and_call@V<lambda_ad1ced32f4ac17aa236e5ef05d6b3b7c>@@@@YAXW4__acrt_lock_id@@$$QAV<lambda_ad1ced32f4ac17aa236e5ef05d6b3b7c>@@@Z 1001b931 f i libucrt:mbctype.obj
 0001:0001adc8       ___acrt_initialize_multibyte 1001bdc8 f   libucrt:mbctype.obj
 0001:0001ade6       ___acrt_update_thread_multibyte_data 1001bde6 f   libucrt:mbctype.obj
 0001:0001ae8a       __setmbcp_nolock           1001be8a f   libucrt:mbctype.obj
 0001:0001b155       __ismbblead                1001c155 f   libucrt:ismbbyte.obj
 0001:0001b16d       ___acrt_initialize_command_line 1001c16d f   libucrt:argv_data.obj
 0001:0001b1bd       ___dcrt_get_narrow_environment_from_os 1001c1bd f   libucrt:get_environment_from_os.obj
 0001:0001b240       __recalloc                 1001c240 f   libucrt:recalloc.obj
 0001:0001b24b       __recalloc_base            1001c24b f   libucrt:recalloc.obj
 0001:0001b2b8       ___acrt_initialize_heap    1001c2b8 f   libucrt:heap_handle.obj
 0001:0001b2c9       ___acrt_uninitialize_heap  1001c2c9 f   libucrt:heap_handle.obj
 0001:0001b43f       ___acrt_initialize_lowio   1001c43f f   libucrt:ioinit.obj
 0001:0001b495       ___acrt_uninitialize_lowio 1001c495 f   libucrt:ioinit.obj
 0001:0001b4c1       ___acrt_execute_initializers 1001c4c1 f   libucrt:shared_initialization.obj
 0001:0001b544       ___acrt_execute_uninitializers 1001c544 f   libucrt:shared_initialization.obj
 0001:0001b591       ?initialize@?$dual_state_global@P6AHI@Z@__crt_state_management@@QAEXQ6AHI@Z@Z 1001c591 f i libucrt:new_handler.obj
 0001:0001b591       ?initialize@?$dual_state_global@P6AXH@Z@__crt_state_management@@QAEXQ6AXH@Z@Z 1001c591 f i libucrt:signal.obj
 0001:0001b591       ?initialize@?$dual_state_global@P6AHPAU_exception@@@Z@__crt_state_management@@QAEXQ6AHPAU_exception@@@Z@Z 1001c591 f i libucrt:matherr.obj
 0001:0001b591       ?initialize@?$dual_state_global@P6AXPB_W00II@Z@__crt_state_management@@QAEXQ6AXPB_W00II@Z@Z 1001c591 f i libucrt:invalid_parameter.obj
 0001:0001b591       ?initialize@?$dual_state_global@PAPAD@__crt_state_management@@QAEXQAPAD@Z 1001c591 f i libucrt:environment_initialization.obj
 0001:0001b591       ?initialize@?$dual_state_global@PAU__crt_locale_data@@@__crt_state_management@@QAEXQAU__crt_locale_data@@@Z 1001c591 f i libucrt:initialization.obj
 0001:0001b5c2       ___acrt_initialize_new_handler 1001c5c2 f   libucrt:new_handler.obj
 0001:0001b5d6       __callnewh                 1001c5d6 f   libucrt:new_handler.obj
 0001:0001b61a       __query_new_handler        1001c61a f   libucrt:new_handler.obj
 0001:0001b66c       ??$?RV<lambda_a048d3beccc847880fc8490e18b82769>@@AAV<lambda_ec61778202f4f5fc7e7711acc23c3bca>@@V<lambda_f7496a158712204296dd6628a163878e>@@@?$__crt_seh_guarded_call@P6AXH@Z@@QAEP6AXH@Z$$QAV<lambda_a048d3beccc847880fc8490e18b82769>@@AAV<lambda_ec61778202f4f5fc7e7711acc23c3bca>@@$$QAV<lambda_f7496a158712204296dd6628a163878e>@@@Z 1001c66c f i libucrt:signal.obj
 0001:0001b6c6       ??$__acrt_lock_and_call@V<lambda_ec61778202f4f5fc7e7711acc23c3bca>@@@@YAP6AXH@ZW4__acrt_lock_id@@$$QAV<lambda_ec61778202f4f5fc7e7711acc23c3bca>@@@Z 1001c6c6 f i libucrt:signal.obj
 0001:0001b758       ___acrt_get_sigabrt_handler 1001c758 f   libucrt:signal.obj
 0001:0001b76f       ___acrt_initialize_signal_handlers 1001c76f f   libucrt:signal.obj
 0001:0001b7aa       ___fpecode                 1001c7aa f   libucrt:signal.obj
 0001:0001b7b3       _raise                     1001c7b3 f   libucrt:signal.obj
 0001:0001b9bb       ___acrt_has_user_matherr   1001c9bb f   libucrt:matherr.obj
 0001:0001b9d4       ___acrt_initialize_user_matherr 1001c9d4 f   libucrt:matherr.obj
 0001:0001b9e8       ___acrt_invoke_user_matherr 1001c9e8 f   libucrt:matherr.obj
 0001:0001ba31       __query_new_mode           1001ca31 f   libucrt:new_mode.obj
 0001:0001ba37       __mbtowc_l                 1001ca37 f   libucrt:mbtowc.obj
 0001:0001bb31       _mbtowc                    1001cb31 f   libucrt:mbtowc.obj
 0001:0001bb4b       __fileno                   1001cb4b f   libucrt:fileno.obj
 0001:0001bb71       ___acrt_initialize_stdio   1001cb71 f   libucrt:_file.obj
 0001:0001bc39       ___acrt_uninitialize_stdio 1001cc39 f   libucrt:_file.obj
 0001:0001bc85       __lock_file                1001cc85 f   libucrt:_file.obj
 0001:0001bc99       __unlock_file              1001cc99 f   libucrt:_file.obj
 0001:0001bcad       __isleadbyte_l             1001ccad f i libucrt:_wctype.obj
 0001:0001bce6       ___acrt_GetStringTypeA     1001cce6 f   libucrt:getstringtypea.obj
 0001:0001be03       __freea_crt                1001ce03 f i libucrt:getstringtypea.obj
 0001:0001be23       ___acrt_add_locale_ref     1001ce23 f   libucrt:locale_refcounting.obj
 0001:0001bea0       ___acrt_free_locale        1001cea0 f   libucrt:locale_refcounting.obj
 0001:0001bfea       ___acrt_locale_add_lc_time_reference 1001cfea f   libucrt:locale_refcounting.obj
 0001:0001c013       ___acrt_locale_free_lc_time_if_unreferenced 1001d013 f   libucrt:locale_refcounting.obj
 0001:0001c043       ___acrt_locale_release_lc_time_reference 1001d043 f   libucrt:locale_refcounting.obj
 0001:0001c06c       ___acrt_release_locale_ref 1001d06c f   libucrt:locale_refcounting.obj
 0001:0001c0ed       ___acrt_update_thread_locale_data 1001d0ed f   libucrt:locale_refcounting.obj
 0001:0001c164       __updatetlocinfoEx_nolock  1001d164 f   libucrt:locale_refcounting.obj
 0001:0001c1b4       ___acrt_locale_free_monetary 1001d1b4 f   libucrt:initmon.obj
 0001:0001c2b2       ___acrt_locale_free_numeric 1001d2b2 f   libucrt:initnum.obj
 0001:0001c357       ___acrt_locale_free_time   1001d357 f   libucrt:inittime.obj
 0001:0001c4f7       ___acrt_DownlevelLocaleNameToLCID 1001d4f7 f   libucrt:lcidtoname_downlevel.obj
 0001:0001c610       _qsort                     1001d610 f   libucrt:qsort.obj
 0001:0001ca5b       _strncpy_s                 1001da5b f   libucrt:strncpy_s.obj
 0001:0001ca70       _strpbrk                   1001da70 f   libucrt:strpbrk.obj
 0001:0001cab0       __mbsdec                   1001dab0 f   libucrt:mbsdec.obj
 0001:0001cac7       __mbsdec_l                 1001dac7 f   libucrt:mbsdec.obj
 0001:0001cd80       ___acrt_LCMapStringA       1001dd80 f   libucrt:lcmapstringa.obj
 0001:0001cdcb       __msize                    1001ddcb f   libucrt:msize.obj
 0001:0001cdfe       __realloc_base             1001ddfe f   libucrt:realloc_base.obj
 0001:0001ce67       ___acrt_lowio_create_handle_array 1001de67 f   libucrt:osfinfo.obj
 0001:0001cee1       ___acrt_lowio_destroy_handle_array 1001dee1 f   libucrt:osfinfo.obj
 0001:0001cf16       ___acrt_lowio_ensure_fh_exists 1001df16 f   libucrt:osfinfo.obj
 0001:0001cfae       ___acrt_lowio_lock_fh      1001dfae f   libucrt:osfinfo.obj
 0001:0001cfd1       ___acrt_lowio_unlock_fh    1001dfd1 f   libucrt:osfinfo.obj
 0001:0001cff4       __free_osfhnd              1001dff4 f   libucrt:osfinfo.obj
 0001:0001d085       __get_osfhandle            1001e085 f   libucrt:osfinfo.obj
 0001:0001d0ef       __isatty                   1001e0ef f   libucrt:isatty.obj
 0001:0001d145       ___acrt_stdio_flush_nolock 1001e145 f   libucrt:fflush.obj
 0001:0001d1ab       __fflush_nolock            1001e1ab f   libucrt:fflush.obj
 0001:0001d1f2       __flushall                 1001e1f2 f   libucrt:fflush.obj
 0001:0001d2d3       __fcloseall                1001e2d3 f   libucrt:closeall.obj
 0001:0001d373       ___acrt_stdio_free_buffer_nolock 1001e373 f   libucrt:_freebuf.obj
 0001:0001d3b1       ___strncnt                 1001e3b1 f   libucrt:strncnt.obj
 0001:0001d3cd       __query_app_type           1001e3cd f   libucrt:report_runtime_error.obj
 0001:0001d3d3       ??$?RV<lambda_61cee617f5178ae960314fd4d05640a0>@@AAV<lambda_6978c1fb23f02e42e1d9e99668cc68aa>@@V<lambda_9cd88cf8ad10232537feb2133f08c833>@@@?$__crt_seh_guarded_call@H@@QAEH$$QAV<lambda_61cee617f5178ae960314fd4d05640a0>@@AAV<lambda_6978c1fb23f02e42e1d9e99668cc68aa>@@$$QAV<lambda_9cd88cf8ad10232537feb2133f08c833>@@@Z 1001e3d3 f i libucrt:commit.obj
 0001:0001d46b       ??$__acrt_lowio_lock_fh_and_call@V<lambda_6978c1fb23f02e42e1d9e99668cc68aa>@@@@YAHH$$QAV<lambda_6978c1fb23f02e42e1d9e99668cc68aa>@@@Z 1001e46b f i libucrt:commit.obj
 0001:0001d493       __commit                   1001e493 f   libucrt:commit.obj
 0001:0001da92       __write                    1001ea92 f   libucrt:write.obj
 0001:0001db7d       __write_nolock             1001eb7d f   libucrt:write.obj
 0001:0001dd90       _log10                     1001ed90 f   libucrt:log10.obj
 0001:0001ddd0       __CIlog10                  1001edd0 f   libucrt:log10.obj
 0001:0001de0b       __CIlog10_default          1001ee0b f   libucrt:log10.obj
 0001:0001de1f       __log10_default            1001ee1f     libucrt:log10.obj
 0001:0001dee0       _ceil                      1001eee0 f   libucrt:ceil_pentium4.obj
 0001:0001df20       __ceil_pentium4            1001ef20 f   libucrt:ceil_pentium4.obj
 0001:0001e07b       __lseeki64_nolock          1001f07b f   libucrt:lseek.obj
 0001:0001e096       __fclose_nolock            1001f096 f   libucrt:fclose.obj
 0001:0001e10c       _fclose                    1001f10c f   libucrt:fclose.obj
 0001:0001e190       ___ascii_strnicmp          1001f190 f   libucrt:_strnicm.obj
 0001:0001e1f1       __putwch_nolock            1001f1f1 f   libucrt:putwch.obj
 0001:0001e236       ___acrt_initialize_sse2    1001f236 f   libucrt:mathfcns.obj
 0001:0001e250       __CIlog10_pentium4         1001f250 f   libucrt:log10_pentium4.obj
 0001:0001e268       __log10_pentium4           1001f268     libucrt:log10_pentium4.obj
[...]
 0002:00008bc4       __unwindtable$?UpdateConEmuTabs@CPluginBase@@QAE_N_N@Z 1002abc4     ConEmuPluginBase.obj
 0002:00008bc4       __unwindtable$?ProcessCommand@CPluginBase@@QAE_NKHPAXPAPAUCESERVER_REQ@@_N@Z 1002abc4     ConEmuPluginBase.obj
 0002:00008bcc       __ehfuncinfo$?RegisterSubplugin@CPluginBackground@@QAEHPAURegisterBackgroundArg@@@Z 1002abcc     PluginBackground.obj
 0002:00008bcc       __ehfuncinfo$?ProcessCommand@CPluginBase@@QAE_NKHPAXPAPAUCESERVER_REQ@@_N@Z 1002abcc     ConEmuPluginBase.obj
 0002:00008bcc       __ehfuncinfo$?UpdateConEmuTabs@CPluginBase@@QAE_N_N@Z 1002abcc     ConEmuPluginBase.obj
 0002:00008bf0       __unwindtable$?CheckConEmuDetached@CPluginBase@@SAXXZ 1002abf0     ConEmuPluginBase.obj
 0002:00008bf8       __ehfuncinfo$?CheckConEmuDetached@CPluginBase@@SAXXZ 1002abf8     ConEmuPluginBase.obj
 0002:00008c1c       __unwindtable$?MonitorThreadProcW@CPluginBase@@SGKPAX@Z 1002ac1c     ConEmuPluginBase.obj
 0002:00008c24       __ehfuncinfo$?MonitorThreadProcW@CPluginBase@@SGKPAX@Z 1002ac24     ConEmuPluginBase.obj
 0002:00008c48       __unwindtable$?cmd_OpenEditorLine@CPluginBase@@QAE_NPAUCESERVER_REQ_FAREDITOR@@@Z 1002ac48     ConEmuPluginBase.obj
 0002:00008c50       __ehfuncinfo$?cmd_OpenEditorLine@CPluginBase@@QAE_NPAUCESERVER_REQ_FAREDITOR@@@Z 1002ac50     ConEmuPluginBase.obj
 0002:00008c74       __unwindtable$?UpdateBackground@CPluginBackground@@IAEXXZ 1002ac74     PluginBackground.obj
 0002:00008c7c       __ehfuncinfo$?UpdateBackground@CPluginBackground@@IAEXXZ 1002ac7c     PluginBackground.obj
 0002:00008ca0       __unwindtable$?LoadThSet@CPluginBackground@@IAEHH@Z 1002aca0     PluginBackground.obj
 0002:00008ca8       __ehfuncinfo$?LoadThSet@CPluginBackground@@IAEHH@Z 1002aca8     PluginBackground.obj
 0002:00008ccc       __unwindtable$?PlugServerCommand@@YGHPAXPAUCESERVER_REQ@@AAPAU1@AAK3J@Z 1002accc     PluginSrv.obj
 0002:00008cdc       __ehfuncinfo$?PlugServerCommand@@YGHPAXPAUCESERVER_REQ@@AAPAU1@AAK3J@Z 1002acdc     PluginSrv.obj
 0002:00008d00       __sehtable$___scrt_is_nonwritable_in_current_image 1002ad00     LIBCMT:utility.obj
 0002:00008d20       __sehtable$?dllmain_crt_process_attach@@YAHQAUHINSTANCE__@@QAX@Z 1002ad20     LIBCMT:dll_dllmain.obj
 0002:00008d40       __sehtable$?dllmain_crt_process_detach@@YAH_N@Z 1002ad40     LIBCMT:dll_dllmain.obj
 0002:00008d60       __sehtable$?dllmain_dispatch@@YAHQAUHINSTANCE__@@KQAX@Z 1002ad60     LIBCMT:dll_dllmain.obj
 0002:00008d80       __sehtable$___FrameUnwindToState 1002ad80     libvcruntime:frame.obj
 0002:00008da8       __sehtable$?CallCatchBlock@@YAPAXPAUEHExceptionRecord@@PAUEHRegistrationNode@@PAU_CONTEXT@@PBU_s_FuncInfo@@PAXHK@Z 1002ada8     libvcruntime:frame.obj
 0002:00008dd0       __sehtable$___BuildCatchObject 1002add0     libvcruntime:frame.obj
 0002:00008df0       __sehtable$___DestructExceptionObject 1002adf0     libvcruntime:frame.obj
 0002:00008e0c       __catchsym$?CallUnexpected@@YAXPBU_s_ESTypeList@@@Z$2 1002ae0c     libvcruntime:frame.obj
 0002:00008e1c       __unwindtable$?CallUnexpected@@YAXPBU_s_ESTypeList@@@Z 1002ae1c     libvcruntime:frame.obj
 0002:00008e2c       __tryblocktable$?CallUnexpected@@YAXPBU_s_ESTypeList@@@Z 1002ae2c     libvcruntime:frame.obj
 0002:00008e40       __ehfuncinfo$?CallUnexpected@@YAXPBU_s_ESTypeList@@@Z 1002ae40     libvcruntime:frame.obj
 0002:00008e68       __sehtable$___BuildCatchObjectHelper 1002ae68     libvcruntime:frame.obj
 0002:00008ed8       __sehtable$?common_exit@@YAXHW4_crt_exit_cleanup_mode@@W4_crt_exit_return_mode@@@Z 1002aed8     libucrt:exit.obj
 0002:00008f00       __sehtable$??$?RV<lambda_800076c951b434888f4765a74a194fcc>@@AAV<lambda_4e60a939b0d047cfe11ddc22648dfba9>@@V<lambda_6dbb1268764f43b569ce7b67e331d33a>@@@?$__crt_seh_guarded_call@H@@QAEH$$QAV<lambda_800076c951b434888f4765a74a194fcc>@@AAV<lambda_4e60a939b0d047cfe11ddc22648dfba9>@@$$QAV<lambda_6dbb1268764f43b569ce7b67e331d33a>@@@Z 1002af00     libucrt:onexit.obj
 0002:00008f20       __sehtable$??$?RV<lambda_995298e7d72eb4c2aab26c0585b3abe5>@@AAV<lambda_275893d493268fdec8709772e3fcec0e>@@V<lambda_293819299cbf9a7022e18b56a874bb5c>@@@?$__crt_seh_guarded_call@H@@QAEH$$QAV<lambda_995298e7d72eb4c2aab26c0585b3abe5>@@AAV<lambda_275893d493268fdec8709772e3fcec0e>@@$$QAV<lambda_293819299cbf9a7022e18b56a874bb5c>@@@Z 1002af20     libucrt:onexit.obj
 0002:00008f40       __sehtable$_terminate      1002af40     libucrt:terminate.obj
 0002:00008f60       __sehtable$??$?RV<lambda_9df27f884b057bc3edfc946cb5b7cf47>@@AAV<lambda_e69574bed617af4e071282c136b37893>@@V<lambda_cc0d902bcbbeb830f749456577db4721>@@@?$__crt_seh_guarded_call@X@@QAEX$$QAV<lambda_9df27f884b057bc3edfc946cb5b7cf47>@@AAV<lambda_e69574bed617af4e071282c136b37893>@@$$QAV<lambda_cc0d902bcbbeb830f749456577db4721>@@@Z 1002af60     libucrt:per_thread_data.obj
 0002:00008f80       __sehtable$??$?RV<lambda_3518db117f0e7cdb002338c5d3c47b6c>@@AAV<lambda_b2ea41f6bbb362cd97d94c6828d90b61>@@V<lambda_abdedf541bb04549bc734292b4a045d4>@@@?$__crt_seh_guarded_call@X@@QAEX$$QAV<lambda_3518db117f0e7cdb002338c5d3c47b6c>@@AAV<lambda_b2ea41f6bbb362cd97d94c6828d90b61>@@$$QAV<lambda_abdedf541bb04549bc734292b4a045d4>@@@Z 1002af80     libucrt:per_thread_data.obj
 0002:00008fa0       __sehtable$??$?RV<lambda_51b6e8b1eb166f2a3faf91f424b38130>@@AAV<lambda_6250bd4b2a391816dd638c3bf72b0bcb>@@V<lambda_0b5a4a3e68152e1d9b943535f5f47bed>@@@?$__crt_seh_guarded_call@X@@QAEX$$QAV<lambda_51b6e8b1eb166f2a3faf91f424b38130>@@AAV<lambda_6250bd4b2a391816dd638c3bf72b0bcb>@@$$QAV<lambda_0b5a4a3e68152e1d9b943535f5f47bed>@@@Z 1002afa0     libucrt:per_thread_data.obj
 0002:00008fc0       __sehtable$??$?RV<lambda_5b71d36f03204c0beab531769a5b5694>@@AAV<lambda_be2b3da3f62db62e9dad5dc70221a656>@@V<lambda_8f9ce462984622f9bf76b59e2aaaf805>@@@?$__crt_seh_guarded_call@X@@QAEX$$QAV<lambda_5b71d36f03204c0beab531769a5b5694>@@AAV<lambda_be2b3da3f62db62e9dad5dc70221a656>@@$$QAV<lambda_8f9ce462984622f9bf76b59e2aaaf805>@@@Z 1002afc0     libucrt:per_thread_data.obj
 0002:00008fe0       __sehtable$___acrt_uninitialize_locale 1002afe0     libucrt:wsetlocale.obj
 0002:00009000       __sehtable$___acrt_update_thread_multibyte_data 1002b000     libucrt:mbctype.obj
 0002:00009020       __sehtable$??$?RV<lambda_978dc153c237d78434369da87b74ff60>@@AAV<lambda_ad1ced32f4ac17aa236e5ef05d6b3b7c>@@V<lambda_4a8533e2866a575feecb8298ce776b0d>@@@?$__crt_seh_guarded_call@X@@QAEX$$QAV<lambda_978dc153c237d78434369da87b74ff60>@@AAV<lambda_ad1ced32f4ac17aa236e5ef05d6b3b7c>@@$$QAV<lambda_4a8533e2866a575feecb8298ce776b0d>@@@Z 1002b020     libucrt:mbctype.obj
 0002:00009040       __sehtable$___acrt_initialize_lowio 1002b040     libucrt:ioinit.obj
 0002:00009060       __sehtable$__query_new_handler 1002b060     libucrt:new_handler.obj
 0002:00009080       __sehtable$_raise          1002b080     libucrt:signal.obj
 0002:000090a0       __sehtable$??$?RV<lambda_a048d3beccc847880fc8490e18b82769>@@AAV<lambda_ec61778202f4f5fc7e7711acc23c3bca>@@V<lambda_f7496a158712204296dd6628a163878e>@@@?$__crt_seh_guarded_call@P6AXH@Z@@QAEP6AXH@Z$$QAV<lambda_a048d3beccc847880fc8490e18b82769>@@AAV<lambda_ec61778202f4f5fc7e7711acc23c3bca>@@$$QAV<lambda_f7496a158712204296dd6628a163878e>@@@Z 1002b0a0     libucrt:signal.obj
 0002:000090c0       __sehtable$___acrt_update_thread_locale_data 1002b0c0     libucrt:locale_refcounting.obj
 0002:000090e0       __sehtable$___acrt_lowio_ensure_fh_exists 1002b0e0     libucrt:osfinfo.obj
 0002:00009100       __sehtable$_common_flush_all 1002b100     libucrt:fflush.obj
 0002:00009128       __sehtable$__fcloseall     1002b128     libucrt:closeall.obj
 0002:00009148       __sehtable$??$?RV<lambda_61cee617f5178ae960314fd4d05640a0>@@AAV<lambda_6978c1fb23f02e42e1d9e99668cc68aa>@@V<lambda_9cd88cf8ad10232537feb2133f08c833>@@@?$__crt_seh_guarded_call@H@@QAEH$$QAV<lambda_61cee617f5178ae960314fd4d05640a0>@@AAV<lambda_6978c1fb23f02e42e1d9e99668cc68aa>@@$$QAV<lambda_9cd88cf8ad10232537feb2133f08c833>@@@Z 1002b148     libucrt:commit.obj
 0002:00009168       __sehtable$__write         1002b168     libucrt:write.obj
 0002:00009188       __sehtable$_fclose         1002b188     libucrt:fclose.obj
 0002:000091a8       __sehtable$??$?RV<lambda_123407a5e2ac06da108355a851863b7a>@@AAV<lambda_2fe9b910cf3cbf4a0ab98a02ba45b3ec>@@V<lambda_ae55bdf541ad94d75914d381c370e64d>@@@?$__crt_seh_guarded_call@H@@QAEH$$QAV<lambda_123407a5e2ac06da108355a851863b7a>@@AAV<lambda_2fe9b910cf3cbf4a0ab98a02ba45b3ec>@@$$QAV<lambda_ae55bdf541ad94d75914d381c370e64d>@@@Z 1002b1a8     libucrt:close.obj
 0002:000091c8       __sehtable$__IsNonwritableInCurrentImage 1002b1c8     LIBCMT:pesect.obj
 0002:000091f0       .edata                     1002b1f0     ConEmu.exp
 0002:00009218       rgpv                       1002b218     ConEmu.exp
 0002:00009284       rgszName                   1002b284     ConEmu.exp
 0002:000092f0       rgwOrd                     1002b2f0     ConEmu.exp
 0002:00009326       szName                     1002b326     ConEmu.exp
 0002:00009331       $N00001                    1002b331     ConEmu.exp
 0002:00009341       $N00002                    1002b341     ConEmu.exp
 0002:00009349       $N00003                    1002b349     ConEmu.exp
 0002:00009355       $N00004                    1002b355     ConEmu.exp
 0002:00009360       $N00005                    1002b360     ConEmu.exp
 0002:0000936e       $N00006                    1002b36e     ConEmu.exp
 0002:0000937f       $N00007                    1002b37f     ConEmu.exp
 0002:0000938d       $N00008                    1002b38d     ConEmu.exp
 0002:0000939c       $N00009                    1002b39c     ConEmu.exp
 0002:000093ac       $N00010                    1002b3ac     ConEmu.exp
 0002:000093b7       $N00011                    1002b3b7     ConEmu.exp
 0002:000093bd       $N00012                    1002b3bd     ConEmu.exp
 0002:000093d0       $N00013                    1002b3d0     ConEmu.exp
 0002:000093e3       $N00014                    1002b3e3     ConEmu.exp
 0002:000093f6       $N00015                    1002b3f6     ConEmu.exp
 0002:00009409       $N00016                    1002b409     ConEmu.exp
 0002:0000941b       $N00017                    1002b41b     ConEmu.exp
 0002:0000942a       $N00018                    1002b42a     ConEmu.exp
 0002:00009436       $N00019                    1002b436     ConEmu.exp
 0002:0000943f       $N00020                    1002b43f     ConEmu.exp
 0002:0000944e       $N00021                    1002b44e     ConEmu.exp
 0002:00009460       $N00022                    1002b460     ConEmu.exp
 0002:0000946c       $N00023                    1002b46c     ConEmu.exp
 0002:00009480       $N00024                    1002b480     ConEmu.exp
 0002:00009494       $N00025                    1002b494     ConEmu.exp
 0002:000094a9       $N00026                    1002b4a9     ConEmu.exp
 0002:000094bd       $N00027                    1002b4bd     ConEmu.exp
 0002:000098b6       .idata$6                   1002b8b6     version:VERSION.dll
 0002:0000a0e2       .idata$6                   1002c0e2     kernel32:KERNEL32.dll
 0002:0000a2e8       .idata$6                   1002c2e8     user32:USER32.dll
 0002:0000a3e2       .idata$6                   1002c3e2     gdi32:GDI32.dll
 0002:0000a430       .idata$6                   1002c430     advapi32:ADVAPI32.dll
 0003:00000020       ?__vcrt_flsindex@@3KA      1002d020     libvcruntime:per_thread_data.obj
 0003:00000044       _errno_no_memory           1002d044     libucrt:errno.obj
 0003:00000048       _doserrno_no_memory        1002d048     libucrt:errno.obj
 0003:0000004c       ___acrt_flsindex           1002d04c     libucrt:per_thread_data.obj
 0003:00000114       ___rgctypeflag             1002d114     libucrt:mbctype.obj
 0003:00000118       ___rgcode_page_info        1002d118     libucrt:mbctype.obj
 0003:00000940       ?rc@?CE@??Open@CPluginW2800@@UAEPAXPBX@Z@4UFarMacroCall@@A 1002d940     ConEmuPlugin2800.obj
 0003:00000958       ?val@?CE@??Open@CPluginW2800@@UAEPAXPBX@Z@4UFarMacroValue@@A 1002d958     ConEmuPlugin2800.obj
 0003:00000ae0       _GS_ExceptionRecord        1002dae0     LIBCMT:gs_report.obj
 0003:00000b30       _GS_ContextRecord          1002db30     LIBCMT:gs_report.obj
 0003:00000e04       ?module_local_atexit_table@@3U_onexit_table_t@@A 1002de04     LIBCMT:utility.obj
 0003:00000e10       ?module_local_at_quick_exit_table@@3U_onexit_table_t@@A 1002de10     LIBCMT:utility.obj
 0003:00000e1c       ?module_local_atexit_table_initialized@@3_NA 1002de1c     LIBCMT:utility.obj
 0003:00000e1d       ?is_initialized_as_dll@@3_NA 1002de1d     LIBCMT:utility.obj
 0003:00000e20       ?_Tss_mutex@@3U_RTL_CRITICAL_SECTION@@A 1002de20     LIBCMT:thread_safe_statics.obj
 0003:00000e38       ?_Tss_cv@@3U_RTL_CONDITION_VARIABLE@@A 1002de38     LIBCMT:thread_safe_statics.obj
 0003:00000e3c       ?_Tss_event@@3PAXA         1002de3c     LIBCMT:thread_safe_statics.obj
 0003:00000e40       ?encoded_sleep_condition_variable_cs@@3P6GHPAU_RTL_CONDITION_VARIABLE@@PAU_RTL_CRITICAL_SECTION@@K@ZA 1002de40     LIBCMT:thread_safe_statics.obj
 0003:00000e44       ?encoded_wake_all_condition_variable@@3P6GXPAU_RTL_CONDITION_VARIABLE@@@ZA 1002de44     LIBCMT:thread_safe_statics.obj
 0003:00000e48       ?__proc_attached@@3HA      1002de48     LIBCMT:dll_dllmain.obj
 0003:00000e7c       ?module_handles@@3PAPAUHINSTANCE__@@A 1002de7c     libvcruntime:winapi_downlevel.obj
 0003:00000e88       ?encoded_function_pointers@@3PAPAXA 1002de88     libvcruntime:winapi_downlevel.obj
 0003:00000e9c       ?__vcrt_startup_thread_ptd@@3U__vcrt_ptd@@A 1002de9c     libvcruntime:per_thread_data.obj
 0003:00000ec8       ___vcrt_lock_table         1002dec8     libvcruntime:locks.obj
 0003:00000ee0       ___vcrt_locks_initialized  1002dee0     libvcruntime:locks.obj
 0003:00000f0c       ?heap@@3V_HeapManager@@A   1002df0c     libvcruntime:undname.obj
 0003:00000f20       _c_termination_complete    1002df20     libucrt:exit.obj
 0003:00000f24       _thread_local_exit_callback_func 1002df24     libucrt:exit.obj
 0003:00000f28       ?c_exit_complete@?5??common_exit@@YAXHW4_crt_exit_cleanup_mode@@W4_crt_exit_return_mode@@@Z@4_NA 1002df28     libucrt:exit.obj
 0003:00000f30       ?program_name@?5???$common_configure_argv@D@@YAHW4_crt_argv_mode@@@Z@4PADA 1002df30     libucrt:argv_parsing.obj
 0003:00001060       ___acrt_invalid_parameter_handler 1002e060     libucrt:invalid_parameter.obj
 0003:00001070       ___acrt_lock_table         1002e070     libucrt:locks.obj
 0003:000011a8       ___acrt_locks_initialized  1002e1a8     libucrt:locks.obj
 0003:000011b0       _module_handles            1002e1b0     libucrt:winapi_thunks.obj
 0003:00001200       _encoded_function_pointers 1002e200     libucrt:winapi_thunks.obj
 0003:00001280       ?state_cache@?1??__acrt_is_packaged_app@@9@4JA 1002e280     libucrt:winapi_thunks.obj
 0003:0000129c       _fSystemSet                1002e29c     libucrt:mbctype.obj
 0003:000012a0       ?initialized@?1??__acrt_initialize_multibyte@@9@4_NA 1002e2a0     libucrt:mbctype.obj
 0003:000014c4       ___acrt_new_handler        1002e4c4     libucrt:new_handler.obj
 0003:000014c8       _ctrlc_action              1002e4c8     libucrt:signal.obj
 0003:000014cc       _ctrlbreak_action          1002e4cc     libucrt:signal.obj
 0003:000014d0       _abort_action              1002e4d0     libucrt:signal.obj
 0003:000014d4       _term_action               1002e4d4     libucrt:signal.obj
 0003:000014d8       _user_matherr              1002e4d8     libucrt:matherr.obj
 0003:000014e4       ___acrt_global_new_mode    1002e4e4     libucrt:new_mode.obj
 0003:000014f8       ___acrt_app_type           1002e4f8     libucrt:report_runtime_error.obj
 0003:00001500       __pmatherr_set             1002e500     libucrt:libm_error.obj
 0003:00001504       ?szNil@?1??GetCommand@CESERVER_REQ_NEWCMD@@QAEPA_WXZ@4PA_WA 1002e504     Common.obj
 0003:00001554       ?pwList@@3PAV?$MArray@UWindowInfo@@@@A 1002e554     ConEmuPlugin2800.obj
 0003:00001568       ?ghSyncDlg@@3PAXA          1002e568     ConEmuPlugin995.obj
 0003:00001e18       ?gbTryOpenMapHeader@@3HA   1002ee18     ConEmuPluginBase.obj
 0003:00001f3c       ?gbStartupHooksAfterMap@@3HA 1002ef3c     ConEmuPluginBase.obj
 0003:00002180       ?g_Threads@@3PAUConEmuThreadInfo@@A 1002f180     WThreads.obj
 0003:00009980       ?TerminalMode@?1??isTerminalMode@@YA_NXZ@4_NA 10036980     MProcess.obj
 0003:00009981       ?TerminalChecked@?1??isTerminalMode@@YA_NXZ@4_NA 10036981     MProcess.obj
 0003:00009982       ?bFuncChecked@?1??apiGetCurrentConsoleFontEx@@YAHPAXHPAUMY_CONSOLE_FONT_INFOEX@@@Z@4_NA 10036982     WConsole.obj
 0003:00009983       ?bFuncChecked@?1??apiSetCurrentConsoleFontEx@@YAHPAXHPAUMY_CONSOLE_FONT_INFOEX@@@Z@4_NA 10036983     WConsole.obj
 0003:00009984       ?SetCurrentConsoleFontEx@?1??apiSetCurrentConsoleFontEx@@YAHPAXHPAUMY_CONSOLE_FONT_INFOEX@@@Z@4P6GH0H1@ZA 10036984     WConsole.obj
 0003:00009988       ?GetCurrentConsoleFontEx@?1??apiGetCurrentConsoleFontEx@@YAHPAXHPAUMY_CONSOLE_FONT_INFOEX@@@Z@4P6GH0H1@ZA 10036988     WConsole.obj
 0003:0000998c       ?si@?1??IsModuleValid@@YA_NPAUHINSTANCE__@@H@Z@4U_SYSTEM_INFO@@A 1003698c     WModuleCheck.obj
 0003:000099b0       ?bSysInfoRetrieved@?1??IsModuleValid@@YA_NPAUHINSTANCE__@@H@Z@4_NA 100369b0     WModuleCheck.obj
 0003:000099b1       ?is64bitOs@?1??IsWindows64@@YA_NXZ@4_NA 100369b1     WObjects.obj
 0003:000099b2       ?isOsChecked@?1??IsWindows64@@YA_NXZ@4_NA 100369b2     WObjects.obj
 0003:000099b4       ?ibIsWin6@?1??IsWin6@@YA_NXZ@4HA 100369b4     WObjects.obj
 0003:000099c8       ?dwLastTickCount@?9??OnConsolePeekReadInput@CPluginBase@@SAX_N@Z@4KA 100369c8     ConEmuPluginBase.obj
 0003:000099cc       ?siEnabled@?1??CheckBufferEnabled@CPluginBase@@QAE_NXZ@4HA 100369cc     ConEmuPluginBase.obj
 0003:000099d0       ?szFile@?1??ModuleName@@YAPB_WPB_W@Z@4PA_WA 100369d0     ConEmuCheck.obj
 0003:00009a10       ?store@?M@??GetPanelInfo@CPluginW1900@@UAE_NKPAUCEPanelInfo@@@Z@4UPanelInfo@@A 10036a10     ConEmuPlugin1900.obj
 0003:00009a60       ?szMenu1@?1??GetPluginInfoPtr@CPluginW1900@@UAEXPAX@Z@4PA_WA 10036a60     ConEmuPlugin1900.obj
 0003:00009c60       ?WLastActive@?1??UpdateConEmuTabsApi@CPluginW1900@@UAE_NH@Z@4UWindowInfo@@A 10036c60     ConEmuPlugin1900.obj
 0003:00009c88       ?szMenu@?1??GetPluginInfoPtr@CPluginW1900@@UAEXPAX@Z@4PAPA_WA 10036c88     ConEmuPlugin1900.obj
 0003:00009c8c       ?szMenu@?1??GetPluginInfoPtr@CPluginW2800@@UAEXPAX@Z@4PAPA_WA 10036c8c     ConEmuPlugin2800.obj
 0003:00009c90       ?WLastActive@?1??UpdateConEmuTabsApi@CPluginW2800@@UAE_NH@Z@4UWindowInfo@@A 10036c90     ConEmuPlugin2800.obj
 0003:00009cb8       ?store@?M@??GetPanelInfo@CPluginW2800@@UAE_NKPAUCEPanelInfo@@@Z@4UPanelInfo@@A 10036cb8     ConEmuPlugin2800.obj
 0003:00009d08       ?szMenu1@?1??GetPluginInfoPtr@CPluginW2800@@UAEXPAX@Z@4PA_WA 10036d08     ConEmuPlugin2800.obj
 0003:00009f08       ?szMenu@?1??GetPluginInfoPtr@CPluginW995@@UAEXPAX@Z@4PAPA_WA 10036f08     ConEmuPlugin995.obj
 0003:00009f10       ?store@?M@??GetPanelInfo@CPluginW995@@UAE_NKPAUCEPanelInfo@@@Z@4UPanelInfo@@A 10036f10     ConEmuPlugin995.obj
 0003:00009f58       ?szMenu1@?1??GetPluginInfoPtr@CPluginW995@@UAEXPAX@Z@4PA_WA 10036f58     ConEmuPlugin995.obj
 0003:0000a158       ?szMenu@?1??GetPluginInfoPtr@CPluginAnsi@@UAEXPAX@Z@4PAPADA 10037158     ConEmuPluginA.obj
 0003:0000a160       ?szMenu1@?1??GetPluginInfoPtr@CPluginAnsi@@UAEXPAX@Z@4PADA 10037160     ConEmuPluginA.obj
 0003:0000a260       ?store@?M@??GetPanelInfo@CPluginAnsi@@UAE_NKPAUCEPanelInfo@@@Z@4UPanelInfo@@A 10037260     ConEmuPluginA.obj
 0003:0000a450       ?dwLastTickCount@?7??CheckResources@CPluginBase@@QAEX_N@Z@4KA 10037450     ConEmuPluginBase.obj
 0003:0000a454       ?$TSS0@?7??CheckResources@CPluginBase@@QAEX_N@Z@4HA 10037454     ConEmuPluginBase.obj
 0005:000000a0       $R000000                   100390a0     ConEmu.res
 0005:000003a8       $R000308                   100393a8     ConEmu.res
